Component: ARM Compiler 5.06 update 7 (build 960) Tool: armlink [4d3601]

==============================================================================

Section Cross References

    main.o(i.main) refers to bsp.o(i.bsp_Init) for bsp_Init
    main.o(i.main) refers to task_list.o(i.RTOS_Init) for RTOS_Init
    tcp_client.o(i.received_server_data_process) refers to tcp_client.o(i.send_server_data) for send_server_data
    tcp_client.o(i.send_server_data) refers to api_lib.o(i.netconn_write_partly) for netconn_write_partly
    tcp_client.o(i.send_server_data) refers to tcp_client.o(.data) for .data
    tcp_client.o(i.tcp_client_conn_server_task) refers to ip4_addr.o(i.ip4addr_aton) for ip4addr_aton
    tcp_client.o(i.tcp_client_conn_server_task) refers to queue.o(i.xQueueGenericCreate) for xQueueGenericCreate
    tcp_client.o(i.tcp_client_conn_server_task) refers to ip4_addr.o(i.ip4addr_ntoa) for ip4addr_ntoa
    tcp_client.o(i.tcp_client_conn_server_task) refers to elog.o(i.elog_output) for elog_output
    tcp_client.o(i.tcp_client_conn_server_task) refers to tasks.o(i.xTaskGenericNotify) for xTaskGenericNotify
    tcp_client.o(i.tcp_client_conn_server_task) refers to api_lib.o(i.netconn_new_with_proto_and_callback) for netconn_new_with_proto_and_callback
    tcp_client.o(i.tcp_client_conn_server_task) refers to api_lib.o(i.netconn_connect) for netconn_connect
    tcp_client.o(i.tcp_client_conn_server_task) refers to queue.o(i.xQueueGenericSend) for xQueueGenericSend
    tcp_client.o(i.tcp_client_conn_server_task) refers to api_lib.o(i.netconn_recv) for netconn_recv
    tcp_client.o(i.tcp_client_conn_server_task) refers to netbuf.o(i.netbuf_delete) for netbuf_delete
    tcp_client.o(i.tcp_client_conn_server_task) refers to api_lib.o(i.netconn_close) for netconn_close
    tcp_client.o(i.tcp_client_conn_server_task) refers to api_lib.o(i.netconn_delete) for netconn_delete
    tcp_client.o(i.tcp_client_conn_server_task) refers to tasks.o(i.vTaskDelay) for vTaskDelay
    tcp_client.o(i.tcp_client_conn_server_task) refers to netbuf.o(i.netbuf_data) for netbuf_data
    tcp_client.o(i.tcp_client_conn_server_task) refers to tcp_client.o(i.received_server_data_process) for received_server_data_process
    tcp_client.o(i.tcp_client_conn_server_task) refers to tcp_client.o(.data) for .data
    tcp_client.o(i.tcp_client_conn_server_task) refers to task_list.o(.data) for xHandleTaskLED
    tcp_client.o(i.tcp_client_conn_server_task) refers to tcp_client.o(.constdata) for .constdata
    first_task.o(i.First_Task) refers to tasks.o(i.xTaskNotifyWait) for xTaskNotifyWait
    first_task.o(i.First_Task) refers to stm32h7xx_hal_gpio.o(i.HAL_GPIO_TogglePin) for HAL_GPIO_TogglePin
    second_task.o(i.Second_Task) refers to tcpip.o(i.tcpip_init) for tcpip_init
    second_task.o(i.Second_Task) refers to netif.o(i.netif_add) for netif_add
    second_task.o(i.Second_Task) refers to netif.o(i.netif_set_default) for netif_set_default
    second_task.o(i.Second_Task) refers to netif.o(i.netif_set_link_callback) for netif_set_link_callback
    second_task.o(i.Second_Task) refers to tcp_client.o(i.tcp_client_conn_server_task) for tcp_client_conn_server_task
    second_task.o(i.Second_Task) refers to tasks.o(i.vTaskDelay) for vTaskDelay
    second_task.o(i.Second_Task) refers to tcpip.o(i.tcpip_input) for tcpip_input
    second_task.o(i.Second_Task) refers to netif_port.o(i.ethernetif_init) for ethernetif_init
    second_task.o(i.Second_Task) refers to second_task.o(.bss) for .bss
    second_task.o(i.Second_Task) refers to netif_port.o(i.eth_link_callback) for eth_link_callback
    task_list.o(i.RTOS_Init) refers to tasks.o(i.xTaskCreate) for xTaskCreate
    task_list.o(i.RTOS_Init) refers to tasks.o(i.vTaskStartScheduler) for vTaskStartScheduler
    task_list.o(i.RTOS_Init) refers to task_list.o(.data) for .data
    task_list.o(i.RTOS_Init) refers to first_task.o(i.First_Task) for First_Task
    task_list.o(i.RTOS_Init) refers to second_task.o(i.Second_Task) for Second_Task
    task_list.o(i.RTOS_Init) refers to third_task.o(i.Third_Task) for Third_Task
    third_task.o(i.Third_Task) refers to segger_rtt_printf.o(i.SEGGER_RTT_printf) for SEGGER_RTT_printf
    third_task.o(i.Third_Task) refers to tcp_client.o(i.send_server_data) for send_server_data
    third_task.o(i.Third_Task) refers to tasks.o(i.vTaskDelay) for vTaskDelay
    bsp.o(i.MPU_Config) refers to stm32h7xx_hal_cortex.o(i.HAL_MPU_Disable) for HAL_MPU_Disable
    bsp.o(i.MPU_Config) refers to stm32h7xx_hal_cortex.o(i.HAL_MPU_ConfigRegion) for HAL_MPU_ConfigRegion
    bsp.o(i.MPU_Config) refers to stm32h7xx_hal_cortex.o(i.HAL_MPU_Enable) for HAL_MPU_Enable
    bsp.o(i.SystemClock_Config) refers to stm32h7xx_hal_rcc.o(i.HAL_RCC_OscConfig) for HAL_RCC_OscConfig
    bsp.o(i.SystemClock_Config) refers to stm32h7xx_hal_rcc.o(i.HAL_RCC_ClockConfig) for HAL_RCC_ClockConfig
[...]
    sys_init                                 0x0800a971   Thumb Code     2  sys_arch.o(i.sys_init)
    sys_mbox_free                            0x0800a975   Thumb Code    46  sys_arch.o(i.sys_mbox_free)
    sys_mbox_new                             0x0800a9f9   Thumb Code    34  sys_arch.o(i.sys_mbox_new)
    sys_mbox_set_invalid                     0x0800aa1b   Thumb Code     6  sys_arch.o(i.sys_mbox_set_invalid)
    sys_mbox_trypost                         0x0800aa21   Thumb Code    32  sys_arch.o(i.sys_mbox_trypost)
    sys_mbox_valid                           0x0800aa41   Thumb Code    10  sys_arch.o(i.sys_mbox_valid)
    sys_mutex_lock                           0x0800aa4b   Thumb Code    14  sys_arch.o(i.sys_mutex_lock)
    sys_mutex_new                            0x0800aa59   Thumb Code    24  sys_arch.o(i.sys_mutex_new)
    sys_mutex_unlock                         0x0800aa71   Thumb Code    18  sys_arch.o(i.sys_mutex_unlock)
    sys_now                                  0x0800aa83   Thumb Code     4  sys_arch.o(i.sys_now)
    sys_sem_free                             0x0800aa87   Thumb Code     6  sys_arch.o(i.sys_sem_free)
    sys_sem_new                              0x0800aa8d   Thumb Code    54  sys_arch.o(i.sys_sem_new)
    sys_sem_set_invalid                      0x0800aac3   Thumb Code     6  sys_arch.o(i.sys_sem_set_invalid)
    sys_sem_signal                           0x0800aac9   Thumb Code    18  sys_arch.o(i.sys_sem_signal)
    sys_sem_valid                            0x0800aadb   Thumb Code    10  sys_arch.o(i.sys_sem_valid)
    sys_thread_new                           0x0800aae5   Thumb Code    44  sys_arch.o(i.sys_thread_new)
    sys_timeout                              0x0800ab11   Thumb Code    48  timeouts.o(i.sys_timeout)
    sys_timeouts_init                        0x0800ac65   Thumb Code    28  timeouts.o(i.sys_timeouts_init)
    sys_timeouts_sleeptime                   0x0800ac89   Thumb Code    34  timeouts.o(i.sys_timeouts_sleeptime)
    tcp_abandon                              0x0800acb1   Thumb Code   260  tcp.o(i.tcp_abandon)
    tcp_abort                                0x0800ae29   Thumb Code     6  tcp.o(i.tcp_abort)
    tcp_accept                               0x0800ae2f   Thumb Code    14  tcp.o(i.tcp_accept)
    tcp_alloc                                0x0800ae3d   Thumb Code   310  tcp.o(i.tcp_alloc)
    tcp_arg                                  0x0800af9d   Thumb Code     8  tcp.o(i.tcp_arg)
    tcp_client_conn_server_task              0x0800afa5   Thumb Code   378  tcp_client.o(i.tcp_client_conn_server_task)
    tcp_close                                0x0800b289   Thumb Code    50  tcp.o(i.tcp_close)
    tcp_connect                              0x0800b52d   Thumb Code   294  tcp.o(i.tcp_connect)
    tcp_eff_send_mss_netif                   0x0800b835   Thumb Code    54  tcp.o(i.tcp_eff_send_mss_netif)
    tcp_enqueue_flags                        0x0800b8b5   Thumb Code   276  tcp_out.o(i.tcp_enqueue_flags)
    tcp_err                                  0x0800bab9   Thumb Code    36  tcp.o(i.tcp_err)
    tcp_fasttmr                              0x0800bb25   Thumb Code   102  tcp.o(i.tcp_fasttmr)
    tcp_free                                 0x0800bb91   Thumb Code    36  tcp.o(i.tcp_free)
    tcp_free_ooseq                           0x0800bcf5   Thumb Code    20  tcp.o(i.tcp_free_ooseq)
    tcp_init                                 0x0800bd31   Thumb Code     2  tcp.o(i.tcp_init)
    tcp_input                                0x0800bd35   Thumb Code  1562  tcp_in.o(i.tcp_input)
    tcp_keepalive                            0x0800c3f1   Thumb Code    84  tcp_out.o(i.tcp_keepalive)
    tcp_netif_ip_addr_changed                0x0800c745   Thumb Code    70  tcp.o(i.tcp_netif_ip_addr_changed)
    tcp_new_ip_type                          0x0800c81d   Thumb Code     6  tcp.o(i.tcp_new_ip_type)
    tcp_next_iss                             0x0800c881   Thumb Code    32  tcp.o(i.tcp_next_iss)
    tcp_output                               0x0800c9b5   Thumb Code   562  tcp_out.o(i.tcp_output)
    tcp_pcb_purge                            0x0800d31d   Thumb Code    90  tcp.o(i.tcp_pcb_purge)
    tcp_pcb_remove                           0x0800d3b5   Thumb Code   182  tcp.o(i.tcp_pcb_remove)
    tcp_poll                                 0x0800d515   Thumb Code    62  tcp.o(i.tcp_poll)
    tcp_process_refused_data                 0x0800da51   Thumb Code   134  tcp.o(i.tcp_process_refused_data)
    tcp_recv                                 0x0800e40d   Thumb Code    36  tcp.o(i.tcp_recv)
    tcp_recv_null                            0x0800e479   Thumb Code    60  tcp.o(i.tcp_recv_null)
    tcp_recved                               0x0800e4f1   Thumb Code   110  tcp.o(i.tcp_recved)
    tcp_rexmit                               0x0800e5c1   Thumb Code   120  tcp_out.o(i.tcp_rexmit)
    tcp_rexmit_fast                          0x0800e675   Thumb Code   110  tcp_out.o(i.tcp_rexmit_fast)
    tcp_rexmit_rto                           0x0800e729   Thumb Code    44  tcp_out.o(i.tcp_rexmit_rto)
    tcp_rexmit_rto_commit                    0x0800e795   Thumb Code    46  tcp_out.o(i.tcp_rexmit_rto_commit)
    tcp_rexmit_rto_prepare                   0x0800e80d   Thumb Code   130  tcp_out.o(i.tcp_rexmit_rto_prepare)
    tcp_rst                                  0x0800e8e9   Thumb Code   130  tcp_out.o(i.tcp_rst)
    tcp_seg_copy                             0x0800e9c9   Thumb Code    60  tcp.o(i.tcp_seg_copy)
    tcp_seg_free                             0x0800ea41   Thumb Code    28  tcp.o(i.tcp_seg_free)
    tcp_segs_free                            0x0800ea5d   Thumb Code    18  tcp.o(i.tcp_segs_free)
    tcp_send_empty_ack                       0x0800ea71   Thumb Code   112  tcp_out.o(i.tcp_send_empty_ack)
    tcp_send_fin                             0x0800eb25   Thumb Code    88  tcp_out.o(i.tcp_send_fin)
    tcp_sent                                 0x0800ebbd   Thumb Code    36  tcp.o(i.tcp_sent)
    tcp_shutdown                             0x0800ec29   Thumb Code   102  tcp.o(i.tcp_shutdown)
    tcp_slowtmr                              0x0800eccd   Thumb Code  1398  tcp.o(i.tcp_slowtmr)
    tcp_split_unsent_seg                     0x0800f26d   Thumb Code   370  tcp_out.o(i.tcp_split_unsent_seg)
    tcp_timer_needed                         0x0800f46d   Thumb Code    36  timeouts.o(i.tcp_timer_needed)
    tcp_tmr                                  0x0800f569   Thumb Code    28  tcp.o(i.tcp_tmr)
    tcp_trigger_input_pcb_close              0x0800f589   Thumb Code    12  tcp_in.o(i.tcp_trigger_input_pcb_close)
    tcp_update_rcv_ann_wnd                   0x0800f599   Thumb Code    96  tcp.o(i.tcp_update_rcv_ann_wnd)
    tcp_write                                0x0800f659   Thumb Code  1768  tcp_out.o(i.tcp_write)
    tcp_zero_window_probe                    0x0800fed9   Thumb Code   200  tcp_out.o(i.tcp_zero_window_probe)
    tcpip_init                               0x0800ffe9   Thumb Code    86  tcpip.o(i.tcpip_init)
    tcpip_inpkt                              0x080100c1   Thumb Code    88  tcpip.o(i.tcpip_inpkt)
    tcpip_input                              0x0801014d   Thumb Code    20  tcpip.o(i.tcpip_input)
    tcpip_send_msg_wait_sem                  0x08010169   Thumb Code    26  tcpip.o(i.tcpip_send_msg_wait_sem)
    tcpip_try_callback                       0x08010315   Thumb Code    86  tcpip.o(i.tcpip_try_callback)
    udp_bind                                 0x080103a1   Thumb Code   192  udp.o(i.udp_bind)
    udp_connect                              0x080104a1   Thumb Code   110  udp.o(i.udp_connect)
    udp_init                                 0x0801056d   Thumb Code     2  udp.o(i.udp_init)
    udp_input                                0x08010571   Thumb Code   314  udp.o(i.udp_input)
    udp_netif_ip_addr_changed                0x08010801   Thumb Code    48  udp.o(i.udp_netif_ip_addr_changed)
    udp_new                                  0x08010835   Thumb Code    32  udp.o(i.udp_new)
    udp_new_ip_type                          0x08010875   Thumb Code     4  udp.o(i.udp_new_ip_type)
    udp_recv                                 0x08010879   Thumb Code    30  udp.o(i.udp_recv)
    udp_remove                               0x080108d1   Thumb Code    70  udp.o(i.udp_remove)
    uxListRemove                             0x08010955   Thumb Code    38  list.o(i.uxListRemove)
    uxQueueMessagesWaiting                   0x0801097b   Thumb Code    40  queue.o(i.uxQueueMessagesWaiting)
    vListInitialise                          0x080109a3   Thumb Code    22  list.o(i.vListInitialise)
    vListInitialiseItem                      0x080109b9   Thumb Code     6  list.o(i.vListInitialiseItem)
    vListInsert                              0x080109bf   Thumb Code    48  list.o(i.vListInsert)
    vListInsertEnd                           0x080109ef   Thumb Code    24  list.o(i.vListInsertEnd)
    vPortEnterCritical                       0x08010a09   Thumb Code    62  port.o(i.vPortEnterCritical)
    vPortExitCritical                        0x08010a51   Thumb Code    38  port.o(i.vPortExitCritical)
    vPortFree                                0x08010a7d   Thumb Code    96  heap_4.o(i.vPortFree)
    vPortSetupTimerInterrupt                 0x08010ae1   Thumb Code    20  port.o(i.vPortSetupTimerInterrupt)
    vPortValidateInterruptPriority           0x08010af9   Thumb Code    82  port.o(i.vPortValidateInterruptPriority)
    vQueueAddToRegistry                      0x08010b55   Thumb Code    32  queue.o(i.vQueueAddToRegistry)
    vQueueDelete                             0x08010b79   Thumb Code    40  queue.o(i.vQueueDelete)
    vQueueUnregisterQueue                    0x08010ba1   Thumb Code    36  queue.o(i.vQueueUnregisterQueue)
    vQueueWaitForMessageRestricted           0x08010bc9   Thumb Code    68  queue.o(i.vQueueWaitForMessageRestricted)
    vTaskDelay                               0x08010c0d   Thumb Code    70  tasks.o(i.vTaskDelay)
    vTaskInternalSetTimeOutState             0x08010c5d   Thumb Code    12  tasks.o(i.vTaskInternalSetTimeOutState)
    vTaskMissedYield                         0x08010c6d   Thumb Code     8  tasks.o(i.vTaskMissedYield)
    vTaskPlaceOnEventList                    0x08010c79   Thumb Code    48  tasks.o(i.vTaskPlaceOnEventList)
    vTaskPlaceOnEventListRestricted          0x08010cad   Thumb Code    56  tasks.o(i.vTaskPlaceOnEventListRestricted)
    vTaskPriorityDisinheritAfterTimeout      0x08010ce9   Thumb Code   170  tasks.o(i.vTaskPriorityDisinheritAfterTimeout)
    vTaskStartScheduler                      0x08010d9d   Thumb Code   102  tasks.o(i.vTaskStartScheduler)
    vTaskSuspendAll                          0x08010e15   Thumb Code    10  tasks.o(i.vTaskSuspendAll)
    vTaskSwitchContext                       0x08010e25   Thumb Code    86  tasks.o(i.vTaskSwitchContext)
    xPortStartScheduler                      0x08010e85   Thumb Code   178  port.o(i.xPortStartScheduler)
    xQueueCreateMutex                        0x08010f49   Thumb Code    36  queue.o(i.xQueueCreateMutex)
    xQueueGenericCreate                      0x08010f6d   Thumb Code    90  queue.o(i.xQueueGenericCreate)
    xQueueGenericReset                       0x08010fc9   Thumb Code   136  queue.o(i.xQueueGenericReset)
    xQueueGenericSend                        0x08011055   Thumb Code   388  queue.o(i.xQueueGenericSend)
    xQueueGenericSendFromISR                 0x080111dd   Thumb Code   218  queue.o(i.xQueueGenericSendFromISR)
    xQueueGiveFromISR                        0x080112b7   Thumb Code   190  queue.o(i.xQueueGiveFromISR)
    xQueueReceive                            0x08011375   Thumb Code   320  queue.o(i.xQueueReceive)
    xQueueSemaphoreTake                      0x080114b9   Thumb Code   388  queue.o(i.xQueueSemaphoreTake)
    xTaskCheckForTimeOut                     0x08011641   Thumb Code   120  tasks.o(i.xTaskCheckForTimeOut)
    xTaskCreate                              0x080116bd   Thumb Code    86  tasks.o(i.xTaskCreate)
    xTaskGenericNotify                       0x08011715   Thumb Code   224  tasks.o(i.xTaskGenericNotify)
    xTaskGetSchedulerState                   0x08011801   Thumb Code    22  tasks.o(i.xTaskGetSchedulerState)
    xTaskGetTickCount                        0x0801181d   Thumb Code     6  tasks.o(i.xTaskGetTickCount)
    xTaskIncrementTick                       0x08011829   Thumb Code   196  tasks.o(i.xTaskIncrementTick)
    xTaskNotifyWait                          0x080118f5   Thumb Code   130  tasks.o(i.xTaskNotifyWait)
    xTaskPriorityDisinherit                  0x08011981   Thumb Code   152  tasks.o(i.xTaskPriorityDisinherit)
    xTaskPriorityInherit                     0x08011a21   Thumb Code   140  tasks.o(i.xTaskPriorityInherit)
    xTaskRemoveFromEventList                 0x08011ab5   Thumb Code   112  tasks.o(i.xTaskRemoveFromEventList)
    xTaskResumeAll                           0x08011b2d   Thumb Code   186  tasks.o(i.xTaskResumeAll)
    xTimerCreateTimerTask                    0x08011bf5   Thumb Code    62  timers.o(i.xTimerCreateTimerTask)
    xTimerGenericCommand                     0x08011c45   Thumb Code    98  timers.o(i.xTimerGenericCommand)
    D1CorePrescTable                         0x08011cc8   Data          16  system_stm32h7xx.o(.constdata)
    netconn_aborted                          0x08011ce8   Data           1  api_msg.o(.constdata)
    netconn_reset                            0x08011ce9   Data           1  api_msg.o(.constdata)
    netconn_closed                           0x08011cea   Data           1  api_msg.o(.constdata)
    memp_UDP_PCB                             0x08011cec   Data          16  memp.o(.constdata)
    memp_TCP_PCB                             0x08011cfc   Data          16  memp.o(.constdata)
    memp_TCP_PCB_LISTEN                      0x08011d0c   Data          16  memp.o(.constdata)
    memp_TCP_SEG                             0x08011d1c   Data          16  memp.o(.constdata)
    memp_NETBUF                              0x08011d2c   Data          16  memp.o(.constdata)
    memp_NETCONN                             0x08011d3c   Data          16  memp.o(.constdata)
    memp_TCPIP_MSG_API                       0x08011d4c   Data          16  memp.o(.constdata)
    memp_TCPIP_MSG_INPKT                     0x08011d5c   Data          16  memp.o(.constdata)
    memp_SYS_TIMEOUT                         0x08011d6c   Data          16  memp.o(.constdata)
    memp_PBUF                                0x08011d7c   Data          16  memp.o(.constdata)
    memp_PBUF_POOL                           0x08011d8c   Data          16  memp.o(.constdata)
    memp_pools                               0x08011d9c   Data          44  memp.o(.constdata)
    tcp_pcb_lists                            0x08011e0c   Data          16  tcp.o(.constdata)
    lwip_cyclic_timers                       0x08011e1c   Data          16  timeouts.o(.constdata)
    ip_addr_any                              0x08011e2c   Data           4  ip4_addr.o(.constdata)
    ethbroadcast                             0x08011e30   Data           6  ethernet.o(.constdata)
    ethzero                                  0x08011e36   Data           6  ethernet.o(.constdata)
    memp_RX_POOL                             0x08011e3c   Data          16  netif_port.o(.constdata)
    __ctype_table                            0x08011f0d   Data         129  ctype_o.o(.constdata)
    Region$$Table$$Base                      0x08012180   Number         0  anon$$obj.o(Region$$Table)
    Region$$Table$$Limit                     0x080121d0   Number         0  anon$$obj.o(Region$$Table)
    xServerCommunicationLockSemaphore        0x24000000   Data           4  tcp_client.o(.data)
    xHandleTaskLED                           0x24000008   Data           4  task_list.o(.data)
    xHandleTaskLwip                          0x2400000c   Data           4  task_list.o(.data)
    g_iRunTime                               0x24000018   Data           4  bsp_timer.o(.data)
    SystemCoreClock                          0x24000038   Data           4  system_stm32h7xx.o(.data)
    SystemD2Clock                            0x2400003c   Data           4  system_stm32h7xx.o(.data)
    pxCurrentTCB                             0x24000044   Data           4  tasks.o(.data)
    lock_tcpip_core                          0x240000c4   Data           4  tcpip.o(.data)
    netif_list                               0x2400010c   Data           4  netif.o(.data)
    netif_default                            0x24000110   Data           4  netif.o(.data)
    pbuf_free_ooseq_pending                  0x24000114   Data           1  pbuf.o(.data)
    tcp_active_pcbs_changed                  0x24000118   Data           1  tcp.o(.data)
    tcp_ticks                                0x24000124   Data           4  tcp.o(.data)
    tcp_bound_pcbs                           0x24000128   Data           4  tcp.o(.data)
    tcp_listen_pcbs                          0x2400012c   Data           4  tcp.o(.data)
    tcp_active_pcbs                          0x24000130   Data           4  tcp.o(.data)
    tcp_tw_pcbs                              0x24000134   Data           4  tcp.o(.data)
    tcp_input_pcb                            0x24000158   Data           4  tcp_in.o(.data)
    udp_pcbs                                 0x2400016c   Data           4  udp.o(.data)
    RxPktSemaphore                           0x24000174   Data           4  netif_port.o(.data)
    LAN8742_IOCtx                            0x24000178   Data          20  netif_port.o(.data)
    elog_assert_hook                         0x24000190   Data           4  elog.o(.data)
    __stdout                                 0x240001cc   Data           4  stdout.o(.data)
    gnetif                                   0x240001d0   Data          52  second_task.o(.bss)
    TimHandle                                0x2400125c   Data          64  stm32h7xx_hal_timebase_tim.o(.bss)
    _SEGGER_RTT                              0x240012dc   Data         168  segger_rtt.o(.bss)
    xQueueRegistry                           0x24001794   Data          64  queue.o(.bss)
    ip_data                                  0x2400d0c4   Data          24  ip.o(.bss)
    memp_memory_UDP_PCB_base                 0x2400d0dc   Data         231  memp.o(.bss)
    memp_memory_TCP_PCB_base                 0x2400d1c3   Data        1203  memp.o(.bss)
    memp_memory_TCP_PCB_LISTEN_base          0x2400d676   Data         219  memp.o(.bss)
    memp_memory_TCP_SEG_base                 0x2400d751   Data        1027  memp.o(.bss)
    memp_memory_NETBUF_base                  0x2400db54   Data         123  memp.o(.bss)
    memp_memory_NETCONN_base                 0x2400dbcf   Data         403  memp.o(.bss)
    memp_memory_TCPIP_MSG_API_base           0x2400dd62   Data         483  memp.o(.bss)
    memp_memory_TCPIP_MSG_INPKT_base         0x2400df45   Data         483  memp.o(.bss)
    memp_memory_SYS_TIMEOUT_base             0x2400e128   Data         603  memp.o(.bss)
    memp_memory_PBUF_base                    0x2400e383   Data         963  memp.o(.bss)
    memp_memory_PBUF_POOL_base               0x2400e746   Data       15763  memp.o(.bss)
    EthHandle                                0x240125f0   Data         104  netif_port.o(.bss)
    TxConfig                                 0x24012658   Data          52  netif_port.o(.bss)
    LAN8742                                  0x2401268c   Data          32  netif_port.o(.bss)
    memp_memory_RX_POOL_base                 0x240126ac   Data         259  netif_port.o(.bss)
    __initial_sp                             0x24013018   Data           0  startup_stm32h750xx.o(STACK)
    DMARxDscrTab                             0x30040000   Data          96  netif_port.o(.RxDecripSection)
    DMATxDscrTab                             0x30040060   Data          96  netif_port.o(.TxDecripSection)
    Rx_Buff                                  0x30040200   Data        6144  netif_port.o(.RxArraySection)



==============================================================================

Memory Map of the image

  Image Entry point : 0x08000299

  Load Region LR_IROM1 (Base: 0x08000000, Size: 0x00013c60, Max: 0x00200000, ABSOLUTE, COMPRESSED[0x00012318])

    Execution Region ER_IROM1 (Exec base: 0x08000000, Load base: 0x08000000, Size: 0x000121d0, Max: 0x00200000, ABSOLUTE)

    Exec Addr    Load Addr    Size         Type   Attr      Idx    E Section Name        Object

    0x08000000   0x08000000   0x00000298   Data   RO         1437    RESET               startup_stm32h750xx.o
    0x08000298   0x08000298   0x00000000   Code   RO         9175  * .ARM.Collect$$$$00000000  mc_w.l(entry.o)
    0x08000298   0x08000298   0x00000004   Code   RO         9497    .ARM.Collect$$$$00000001  mc_w.l(entry2.o)
    0x0800029c   0x0800029c   0x00000004   Code   RO         9500    .ARM.Collect$$$$00000004  mc_w.l(entry5.o)
    0x080002a0   0x080002a0   0x00000000   Code   RO         9502    .ARM.Collect$$$$00000008  mc_w.l(entry7b.o)
    0x080002a0   0x080002a0   0x00000000   Code   RO         9504    .ARM.Collect$$$$0000000A  mc_w.l(entry8b.o)
    0x080002a0   0x080002a0   0x00000008   Code   RO         9505    .ARM.Collect$$$$0000000B  mc_w.l(entry9a.o)
    0x080002a8   0x080002a8   0x00000004   Code   RO         9512    .ARM.Collect$$$$0000000E  mc_w.l(entry12b.o)
    0x080002ac   0x080002ac   0x00000000   Code   RO         9507    .ARM.Collect$$$$0000000F  mc_w.l(entry10a.o)
    0x080002ac   0x080002ac   0x00000000   Code   RO         9509    .ARM.Collect$$$$00000011  mc_w.l(entry11a.o)
    0x080002ac   0x080002ac   0x00000004   Code   RO         9498    .ARM.Collect$$$$00002712  mc_w.l(entry2.o)
    0x080002b0   0x080002b0   0x000000c2   Code   RO         5793    .emb_text           port.o
    0x08000372   0x08000372   0x00000002   PAD
    0x08000374   0x08000374   0x00000024   Code   RO         1438    .text               startup_stm32h750xx.o
    0x08000398   0x08000398   0x00000062   Code   RO         9178    .text               mc_w.l(uldiv.o)
    0x080003fa   0x080003fa   0x00000002   PAD
    0x080003fc   0x080003fc   0x00000008   Code   RO         9180    .text               mc_w.l(ctype_o.o)
    0x08000404   0x08000404   0x00000040   Code   RO         9210    .text               mc_w.l(memmovea.o)
    0x08000444   0x08000444   0x00000024   Code   RO         9214    .text               mc_w.l(memseta.o)
    0x08000468   0x08000468   0x00000024   Code   RO         9216    .text               mc_w.l(strstr.o)
    0x0800048c   0x0800048c   0x0000000e   Code   RO         9220    .text               mc_w.l(strlen.o)
    0x0800049a   0x0800049a   0x0000001a   Code   RO         9224    .text               mc_w.l(memcmp.o)
    0x080004b4   0x080004b4   0x00000012   Code   RO         9226    .text               mc_w.l(strcpy.o)
    0x080004c6   0x080004c6   0x0000002c   Code   RO         9514    .text               mc_w.l(uidiv.o)
    0x080004f2   0x080004f2   0x0000001e   Code   RO         9516    .text               mc_w.l(llshl.o)
    0x08000510   0x08000510   0x00000020   Code   RO         9518    .text               mc_w.l(llushr.o)
    0x08000530   0x08000530   0x00000000   Code   RO         9529    .text               mc_w.l(iusefp.o)
    0x08000530   0x08000530   0x0000014e   Code   RO         9530    .text               mf_w.l(dadd.o)
    0x0800067e   0x0800067e   0x000000e4   Code   RO         9532    .text               mf_w.l(dmul.o)
    0x08000762   0x08000762   0x000000de   Code   RO         9534    .text               mf_w.l(ddiv.o)
    0x08000840   0x08000840   0x00000030   Code   RO         9536    .text               mf_w.l(dfixul.o)
    0x08000870   0x08000870   0x00000030   Code   RO         9538    .text               mf_w.l(cdrcmple.o)
    0x080008a0   0x080008a0   0x00000024   Code   RO         9540    .text               mc_w.l(init.o)
    0x080008c4   0x080008c4   0x00000024   Code   RO         9542    .text               mc_w.l(llsshr.o)
    0x080008e8   0x080008e8   0x000000ba   Code   RO         9546    .text               mf_w.l(depilogue.o)
    0x080009a2   0x080009a2   0x00000056   Code   RO         9558    .text               mc_w.l(__dczerorl2.o)
    0x080009f8   0x080009f8   0x00000012   Code   RO         4608    OSKERNEL            hardfaulthandler.o
    0x08000a0a   0x08000a0a   0x00000002   Code   RO         1312    i.BusFault_Handler  stm32h7xx_it.o
    0x08000a0c   0x08000a0c   0x0000007c   Code   RO          753    i.CPU_CACHE_Enable  bsp.o
    0x08000a88   0x08000a88   0x00000002   Code   RO         1313    i.DebugMon_Handler  stm32h7xx_it.o
    0x08000a8a   0x08000a8a   0x00000002   PAD
    0x08000a8c   0x08000a8c   0x0000000c   Code   RO         8700    i.ETH_IRQHandler    netif_port.o
    0x08000a98   0x08000a98   0x000000d8   Code   RO         4133    i.ETH_MACDMAConfig  stm32h7xx_hal_eth.o
    0x08000b70   0x08000b70   0x00000004   Code   RO         8701    i.ETH_PHY_IO_DeInit  netif_port.o
    0x08000b74   0x08000b74   0x00000004   Code   RO         8702    i.ETH_PHY_IO_GetTick  netif_port.o
    0x08000b78   0x08000b78   0x00000010   Code   RO         8703    i.ETH_PHY_IO_Init   netif_port.o
    0x08000b88   0x08000b88   0x0000001c   Code   RO         8704    i.ETH_PHY_IO_ReadReg  netif_port.o
    0x08000ba4   0x08000ba4   0x0000001c   Code   RO         8705    i.ETH_PHY_IO_WriteReg  netif_port.o
    0x08000bc0   0x08000bc0   0x000002c8   Code   RO         4134    i.ETH_Prepare_Tx_Descriptors  stm32h7xx_hal_eth.o
    0x08000e88   0x08000e88   0x000000a0   Code   RO         4135    i.ETH_SetDMAConfig  stm32h7xx_hal_eth.o
    0x08000f28   0x08000f28   0x000001a4   Code   RO         4136    i.ETH_SetMACConfig  stm32h7xx_hal_eth.o
    0x080010cc   0x080010cc   0x00000040   Code   RO          550    i.First_Task        first_task.o
    0x0800110c   0x0800110c   0x00000076   Code   RO         4137    i.HAL_ETH_BuildRxDescriptors  stm32h7xx_hal_eth.o
    0x08001182   0x08001182   0x00000002   Code   RO         4138    i.HAL_ETH_DMAErrorCallback  stm32h7xx_hal_eth.o
    0x08001184   0x08001184   0x0000003c   Code   RO         4140    i.HAL_ETH_DescAssignMemory  stm32h7xx_hal_eth.o
    0x080011c0   0x080011c0   0x00000002   Code   RO         4141    i.HAL_ETH_EEECallback  stm32h7xx_hal_eth.o
    0x080011c2   0x080011c2   0x000001cc   Code   RO         4147    i.HAL_ETH_GetMACConfig  stm32h7xx_hal_eth.o
    0x0800138e   0x0800138e   0x000000a4   Code   RO         4151    i.HAL_ETH_GetRxDataBuffer  stm32h7xx_hal_eth.o
    0x08001432   0x08001432   0x00000034   Code   RO         4153    i.HAL_ETH_GetRxDataLength  stm32h7xx_hal_eth.o
    0x08001466   0x08001466   0x0000014a   Code   RO         4155    i.HAL_ETH_IRQHandler  stm32h7xx_hal_eth.o
    0x080015b0   0x080015b0   0x00000214   Code   RO         4156    i.HAL_ETH_Init      stm32h7xx_hal_eth.o
    0x080017c4   0x080017c4   0x000000c8   Code   RO         4157    i.HAL_ETH_IsRxDataAvailable  stm32h7xx_hal_eth.o
    0x0800188c   0x0800188c   0x00000002   Code   RO         4158    i.HAL_ETH_MACErrorCallback  stm32h7xx_hal_eth.o
    0x0800188e   0x0800188e   0x00000002   PAD
    0x08001890   0x08001890   0x0000011c   Code   RO         8706    i.HAL_ETH_MspInit   netif_port.o
    0x080019ac   0x080019ac   0x00000002   Code   RO         4161    i.HAL_ETH_PMTCallback  stm32h7xx_hal_eth.o
    0x080019ae   0x080019ae   0x00000062   Code   RO         4162    i.HAL_ETH_ReadPHYRegister  stm32h7xx_hal_eth.o
    0x08001a10   0x08001a10   0x0000002c   Code   RO         8707    i.HAL_ETH_RxCpltCallback  netif_port.o
    0x08001a3c   0x08001a3c   0x00000018   Code   RO         4166    i.HAL_ETH_SetMACConfig  stm32h7xx_hal_eth.o
    0x08001a54   0x08001a54   0x00000078   Code   RO         4168    i.HAL_ETH_SetMDIOClockRange  stm32h7xx_hal_eth.o
    0x08001acc   0x08001acc   0x000000b6   Code   RO         4173    i.HAL_ETH_Start_IT  stm32h7xx_hal_eth.o
    0x08001b82   0x08001b82   0x00000094   Code   RO         4175    i.HAL_ETH_Stop_IT   stm32h7xx_hal_eth.o
    0x08001c16   0x08001c16   0x000000b8   Code   RO         4176    i.HAL_ETH_Transmit  stm32h7xx_hal_eth.o
    0x08001cce   0x08001cce   0x00000002   Code   RO         4178    i.HAL_ETH_TxCpltCallback  stm32h7xx_hal_eth.o
    0x08001cd0   0x08001cd0   0x00000002   Code   RO         4179    i.HAL_ETH_WakeUpCallback  stm32h7xx_hal_eth.o
    0x08001cd2   0x08001cd2   0x00000002   PAD
    0x08001cd4   0x08001cd4   0x00000064   Code   RO         4180    i.HAL_ETH_WritePHYRegister  stm32h7xx_hal_eth.o
    0x08001d38   0x08001d38   0x00000010   Code   RO         1461    i.HAL_EnableCompensationCell  stm32h7xx_hal.o
    0x08001d48   0x08001d48   0x000001e8   Code   RO         1999    i.HAL_GPIO_Init     stm32h7xx_hal_gpio.o
    0x08001f30   0x08001f30   0x00000008   Code   RO         2002    i.HAL_GPIO_TogglePin  stm32h7xx_hal_gpio.o
    0x08001f38   0x08001f38   0x0000000a   Code   RO         2003    i.HAL_GPIO_WritePin  stm32h7xx_hal_gpio.o
    0x08001f42   0x08001f42   0x00000002   PAD
    0x08001f44   0x08001f44   0x0000000c   Code   RO         1468    i.HAL_GetTick       stm32h7xx_hal.o
    0x08001f50   0x08001f50   0x00000010   Code   RO         1471    i.HAL_IncTick       stm32h7xx_hal.o
    0x08001f60   0x08001f60   0x0000001c   Code   RO         1472    i.HAL_Init          stm32h7xx_hal.o
    0x08001f7c   0x08001f7c   0x00000080   Code   RO         1363    i.HAL_InitTick      stm32h7xx_hal_timebase_tim.o
    0x08001ffc   0x08001ffc   0x00000054   Code   RO         1760    i.HAL_MPU_ConfigRegion  stm32h7xx_hal_cortex.o
    0x08002050   0x08002050   0x0000001c   Code   RO         1761    i.HAL_MPU_Disable   stm32h7xx_hal_cortex.o
    0x0800206c   0x0800206c   0x00000024   Code   RO         1762    i.HAL_MPU_Enable    stm32h7xx_hal_cortex.o
    0x08002090   0x08002090   0x00000002   Code   RO         1475    i.HAL_MspInit       stm32h7xx_hal.o
    0x08002092   0x08002092   0x0000001a   Code   RO         1765    i.HAL_NVIC_EnableIRQ  stm32h7xx_hal_cortex.o
    0x080020ac   0x080020ac   0x00000040   Code   RO         1771    i.HAL_NVIC_SetPriority  stm32h7xx_hal_cortex.o
    0x080020ec   0x080020ec   0x00000024   Code   RO         1772    i.HAL_NVIC_SetPriorityGrouping  stm32h7xx_hal_cortex.o
    0x08002110   0x08002110   0x00000034   Code   RO         2074    i.HAL_RCCEx_GetD1SysClockFreq  stm32h7xx_hal_rcc_ex.o
    0x08002144   0x08002144   0x000001d8   Code   RO         1901    i.HAL_RCC_ClockConfig  stm32h7xx_hal_rcc.o
    0x0800231c   0x0800231c   0x00000060   Code   RO         1904    i.HAL_RCC_GetClockConfig  stm32h7xx_hal_rcc.o
    0x0800237c   0x0800237c   0x00000034   Code   RO         1905    i.HAL_RCC_GetHCLKFreq  stm32h7xx_hal_rcc.o
    0x080023b0   0x080023b0   0x0000002c   Code   RO         1907    i.HAL_RCC_GetPCLK1Freq  stm32h7xx_hal_rcc.o
    0x080023dc   0x080023dc   0x000000f4   Code   RO         1909    i.HAL_RCC_GetSysClockFreq  stm32h7xx_hal_rcc.o
    0x080024d0   0x080024d0   0x0000049c   Code   RO         1912    i.HAL_RCC_OscConfig  stm32h7xx_hal_rcc.o
    0x0800296c   0x0800296c   0x00000014   Code   RO         1484    i.HAL_SYSCFG_ETHInterfaceSelect  stm32h7xx_hal.o
    0x08002980   0x08002980   0x00000002   Code   RO         3876    i.HAL_TIMEx_BreakCallback  stm32h7xx_hal_tim_ex.o
    0x08002982   0x08002982   0x00000002   Code   RO         3877    i.HAL_TIMEx_CommutationCallback  stm32h7xx_hal_tim_ex.o
    0x08002984   0x08002984   0x00000036   Code   RO         3234    i.HAL_TIM_Base_Init  stm32h7xx_hal_tim.o
    0x080029ba   0x080029ba   0x00000002   Code   RO         3236    i.HAL_TIM_Base_MspInit  stm32h7xx_hal_tim.o
    0x080029bc   0x080029bc   0x00000018   Code   RO         3239    i.HAL_TIM_Base_Start_IT  stm32h7xx_hal_tim.o
    0x080029d4   0x080029d4   0x00000002   Code   RO         3263    i.HAL_TIM_IC_CaptureCallback  stm32h7xx_hal_tim.o
    0x080029d6   0x080029d6   0x00000180   Code   RO         3276    i.HAL_TIM_IRQHandler  stm32h7xx_hal_tim.o
    0x08002b56   0x08002b56   0x00000002   Code   RO         3279    i.HAL_TIM_OC_DelayElapsedCallback  stm32h7xx_hal_tim.o
    0x08002b58   0x08002b58   0x00000002   Code   RO         3306    i.HAL_TIM_PWM_PulseFinishedCallback  stm32h7xx_hal_tim.o
    0x08002b5a   0x08002b5a   0x00000004   Code   RO         1366    i.HAL_TIM_PeriodElapsedCallback  stm32h7xx_hal_timebase_tim.o
    0x08002b5e   0x08002b5e   0x00000002   Code   RO         3317    i.HAL_TIM_TriggerCallback  stm32h7xx_hal_tim.o
    0x08002b60   0x08002b60   0x000000e4   Code   RO         4614    i.HardFaultHandler  segger_hardfaulthandler.o
    0x08002c44   0x08002c44   0x00000094   Code   RO         8838    i.LAN8742_GetLinkState  lan8742.o
    0x08002cd8   0x08002cd8   0x000000d0   Code   RO         8839    i.LAN8742_Init      lan8742.o
    0x08002da8   0x08002da8   0x0000002c   Code   RO         8840    i.LAN8742_RegisterBusIO  lan8742.o
    0x08002dd4   0x08002dd4   0x00000084   Code   RO          755    i.MPU_Config        bsp.o
    0x08002e58   0x08002e58   0x000000b0   Code   RO         1414    i.MX_GPIO_Init      gpio.o
    0x08002f08   0x08002f08   0x00000002   Code   RO         1314    i.MemManage_Handler  stm32h7xx_it.o
    0x08002f0a   0x08002f0a   0x00000002   Code   RO         1315    i.NMI_Handler       stm32h7xx_it.o
    0x08002f0c   0x08002f0c   0x00000080   Code   RO          702    i.RTOS_Init         task_list.o
    0x08002f8c   0x08002f8c   0x00000038   Code   RO         4659    i.SEGGER_RTT_Write  segger_rtt.o
    0x08002fc4   0x08002fc4   0x0000005c   Code   RO         4660    i.SEGGER_RTT_WriteNoLock  segger_rtt.o
    0x08003020   0x08003020   0x00000016   Code   RO         4831    i.SEGGER_RTT_printf  segger_rtt_printf.o
    0x08003036   0x08003036   0x0000017e   Code   RO         4832    i.SEGGER_RTT_vprintf  segger_rtt_printf.o
    0x080031b4   0x080031b4   0x00000064   Code   RO          606    i.Second_Task       second_task.o
    0x08003218   0x08003218   0x00000030   Code   RO         5794    i.SysTick_Handler   port.o
    0x08003248   0x08003248   0x000000ac   Code   RO          756    i.SystemClock_Config  bsp.o
    0x080032f4   0x080032f4   0x00000084   Code   RO         4574    i.SystemInit        system_stm32h7xx.o
    0x08003378   0x08003378   0x00000094   Code   RO          967    i.TIM2_IRQHandler   bsp_timer.o
    0x0800340c   0x0800340c   0x0000000c   Code   RO         1367    i.TIM7_IRQHandler   stm32h7xx_hal_timebase_tim.o
    0x08003418   0x08003418   0x000000c0   Code   RO         3318    i.TIM_Base_SetConfig  stm32h7xx_hal_tim.o
    0x080034d8   0x080034d8   0x00000068   Code   RO          729    i.Third_Task        third_task.o
    0x08003540   0x08003540   0x0000000c   Code   RO         1148    i.USART1_IRQHandler  bsp_uart_fifo.o
    0x0800354c   0x0800354c   0x0000000c   Code   RO         1149    i.USART3_IRQHandler  bsp_uart_fifo.o
    0x08003558   0x08003558   0x00000144   Code   RO         1150    i.UartIRQ           bsp_uart_fifo.o
    0x0800369c   0x0800369c   0x00000002   Code   RO         1316    i.UsageFault_Handler  stm32h7xx_it.o
    0x0800369e   0x0800369e   0x00000002   PAD
    0x080036a0   0x080036a0   0x00000068   Code   RO         4664    i._DoInit           segger_rtt.o
    0x08003708   0x08003708   0x00000016   Code   RO         4665    i._GetAvailWriteSpace  segger_rtt.o
    0x0800371e   0x0800371e   0x000000c4   Code   RO         4833    i._PrintInt         segger_rtt_printf.o
    0x080037e2   0x080037e2   0x00000002   PAD
    0x080037e4   0x080037e4   0x000000cc   Code   RO         4834    i._PrintUnsigned    segger_rtt_printf.o
    0x080038b0   0x080038b0   0x0000003e   Code   RO         4835    i._StoreChar        segger_rtt_printf.o
    0x080038ee   0x080038ee   0x0000005a   Code   RO         4667    i._WriteBlocking    segger_rtt.o
    0x08003948   0x08003948   0x00000042   Code   RO         4668    i._WriteNoCheck     segger_rtt.o
    0x0800398a   0x0800398a   0x00000002   PAD
    0x0800398c   0x0800398c   0x00000020   Code   RO         9467    i.__0printf         mc_w.l(printfa.o)
    0x080039ac   0x080039ac   0x00000034   Code   RO         9468    i.__0snprintf       mc_w.l(printfa.o)
    0x080039e0   0x080039e0   0x00000034   Code   RO         9472    i.__0vsnprintf      mc_w.l(printfa.o)
    0x08003a14   0x08003a14   0x00000020   Code   RO         1778    i.__NVIC_SetPriority  stm32h7xx_hal_cortex.o
    0x08003a34   0x08003a34   0x0000000e   Code   RO         9552    i.__scatterload_copy  mc_w.l(handlers.o)
    0x08003a42   0x08003a42   0x00000002   Code   RO         9553    i.__scatterload_null  mc_w.l(handlers.o)
    0x08003a44   0x08003a44   0x0000000e   Code   RO         9554    i.__scatterload_zeroinit  mc_w.l(handlers.o)
    0x08003a52   0x08003a52   0x00000002   PAD
    0x08003a54   0x08003a54   0x00000184   Code   RO         9474    i._fp_digits        mc_w.l(printfa.o)
    0x08003bd8   0x08003bd8   0x000006b4   Code   RO         9475    i._printf_core      mc_w.l(printfa.o)
    0x0800428c   0x0800428c   0x00000024   Code   RO         9476    i._printf_post_padding  mc_w.l(printfa.o)
    0x080042b0   0x080042b0   0x0000002e   Code   RO         9477    i._printf_pre_padding  mc_w.l(printfa.o)
    0x080042de   0x080042de   0x00000016   Code   RO         9478    i._snputc           mc_w.l(printfa.o)
    0x080042f4   0x080042f4   0x00000038   Code   RO          758    i.bsp_Init          bsp.o
    0x0800432c   0x0800432c   0x00000080   Code   RO         6975    i.do_memp_free_pool  memp.o
    0x080043ac   0x080043ac   0x0000009c   Code   RO         6976    i.do_memp_malloc_pool_fn  memp.o
    0x08004448   0x08004448   0x0000006c   Code   RO         9072    i.elog_buf_output   elog_buf.o
    0x080044b4   0x080044b4   0x00000368   Code   RO         8926    i.elog_output       elog.o
    0x0800481c   0x0800481c   0x00000020   Code   RO         8927    i.elog_output_lock  elog.o
    0x0800483c   0x0800483c   0x00000020   Code   RO         8929    i.elog_output_unlock  elog.o
    0x0800485c   0x0800485c   0x00000008   Code   RO         9122    i.elog_port_get_p_info  elog_port.o
    0x08004864   0x08004864   0x00000006   Code   RO         9123    i.elog_port_get_t_info  elog_port.o
    0x0800486a   0x0800486a   0x00000002   PAD
    0x0800486c   0x0800486c   0x00000028   Code   RO         9124    i.elog_port_get_time  elog_port.o
    0x08004894   0x08004894   0x00000010   Code   RO         9126    i.elog_port_output  elog_port.o
    0x080048a4   0x080048a4   0x00000002   Code   RO         9127    i.elog_port_output_lock  elog_port.o
    0x080048a6   0x080048a6   0x00000002   Code   RO         9128    i.elog_port_output_unlock  elog_port.o
    0x080048a8   0x080048a8   0x000000f8   Code   RO         9099    i.elog_strcpy       elog_utils.o
    0x080049a0   0x080049a0   0x00000198   Code   RO         6223    i.err_tcp           api_msg.o
    0x08004b38   0x08004b38   0x000000bc   Code   RO         8708    i.eth_link_callback  netif_port.o
    0x08004bf4   0x08004bf4   0x0000002c   Code   RO         8257    i.etharp_cleanup_netif  etharp.o
    0x08004c20   0x08004c20   0x00000230   Code   RO         8259    i.etharp_find_entry  etharp.o
    0x08004e50   0x08004e50   0x00000038   Code   RO         8260    i.etharp_free_entry  etharp.o
    0x08004e88   0x08004e88   0x000000d4   Code   RO         8262    i.etharp_input      etharp.o
    0x08004f5c   0x08004f5c   0x00000180   Code   RO         8263    i.etharp_output     etharp.o
    0x080050dc   0x080050dc   0x000000d8   Code   RO         8264    i.etharp_output_to_arp_index  etharp.o
    0x080051b4   0x080051b4   0x000001b8   Code   RO         8265    i.etharp_query      etharp.o
    0x0800536c   0x0800536c   0x00000140   Code   RO         8266    i.etharp_raw        etharp.o
    0x080054ac   0x080054ac   0x0000000c   Code   RO         8267    i.etharp_request    etharp.o
    0x080054b8   0x080054b8   0x00000020   Code   RO         8268    i.etharp_request_dst  etharp.o
    0x080054d8   0x080054d8   0x0000005c   Code   RO         8269    i.etharp_tmr        etharp.o
    0x08005534   0x08005534   0x000000e8   Code   RO         8270    i.etharp_update_arp_entry  etharp.o
    0x0800561c   0x0800561c   0x000000a4   Code   RO         8495    i.ethernet_input    ethernet.o
    0x080056c0   0x080056c0   0x000000a0   Code   RO         8709    i.ethernet_link_thread  netif_port.o
    0x08005760   0x08005760   0x000000c0   Code   RO         8496    i.ethernet_output   ethernet.o
    0x08005820   0x08005820   0x00000074   Code   RO         8710    i.ethernetif_init   netif_port.o
    0x08005894   0x08005894   0x0000004c   Code   RO         8711    i.ethernetif_input  netif_port.o
    0x080058e0   0x080058e0   0x00000010   Code   RO         1163    i.fputc             bsp_uart_fifo.o
    0x080058f0   0x080058f0   0x000000c4   Code   RO         8939    i.get_fmt_enabled   elog.o
    0x080059b4   0x080059b4   0x00000008   Code   RO         8354    i.icmp_dest_unreach  icmp.o
    0x080059bc   0x080059bc   0x000001bc   Code   RO         8355    i.icmp_input        icmp.o
    0x08005b78   0x08005b78   0x000000d8   Code   RO         8356    i.icmp_send_response  icmp.o
    0x08005c50   0x08005c50   0x0000004a   Code   RO         6760    i.inet_chksum_pbuf  inet_chksum.o
    0x08005c9a   0x08005c9a   0x0000002e   Code   RO         8429    i.ip4_addr_isbroadcast_u32  ip4_addr.o
    0x08005cc8   0x08005cc8   0x00000168   Code   RO         8386    i.ip4_input         ip4.o
    0x08005e30   0x08005e30   0x0000002c   Code   RO         8387    i.ip4_input_accept  ip4.o
    0x08005e5c   0x08005e5c   0x0000001e   Code   RO         8389    i.ip4_output_if     ip4.o
    0x08005e7a   0x08005e7a   0x00000002   PAD
    0x08005e7c   0x08005e7c   0x0000012c   Code   RO         8390    i.ip4_output_if_src  ip4.o
    0x08005fa8   0x08005fa8   0x00000060   Code   RO         8391    i.ip4_route         ip4.o
    0x08006008   0x08006008   0x00000154   Code   RO         8431    i.ip4addr_aton      ip4_addr.o
    0x0800615c   0x0800615c   0x0000000c   Code   RO         8432    i.ip4addr_ntoa      ip4_addr.o
    0x08006168   0x08006168   0x00000076   Code   RO         8433    i.ip4addr_ntoa_r    ip4_addr.o
    0x080061de   0x080061de   0x00000002   PAD
    0x080061e0   0x080061e0   0x0000018c   Code   RO         8712    i.low_level_init    netif_port.o
    0x0800636c   0x0800636c   0x000000a8   Code   RO         8713    i.low_level_input   netif_port.o
    0x08006414   0x08006414   0x00000060   Code   RO         8714    i.low_level_output  netif_port.o
    0x08006474   0x08006474   0x0000003c   Code   RO         8052    i.lwip_cyclic_timer  timeouts.o
    0x080064b0   0x080064b0   0x00000004   Code   RO         6711    i.lwip_htonl        def.o
    0x080064b4   0x080064b4   0x00000004   Code   RO         6712    i.lwip_htons        def.o
    0x080064b8   0x080064b8   0x00000022   Code   RO         6820    i.lwip_init         init.o
    0x080064da   0x080064da   0x00000002   PAD
    0x080064dc   0x080064dc   0x00000104   Code   RO         6226    i.lwip_netconn_do_close  api_msg.o
    0x080065e0   0x080065e0   0x00000298   Code   RO         6227    i.lwip_netconn_do_close_internal  api_msg.o
    0x08006878   0x08006878   0x0000012c   Code   RO         6228    i.lwip_netconn_do_connect  api_msg.o
    0x080069a4   0x080069a4   0x0000014c   Code   RO         6229    i.lwip_netconn_do_connected  api_msg.o
    0x08006af0   0x08006af0   0x00000164   Code   RO         6230    i.lwip_netconn_do_delconn  api_msg.o
    0x08006c54   0x08006c54   0x00000012   Code   RO         6234    i.lwip_netconn_do_newconn  api_msg.o
    0x08006c66   0x08006c66   0x00000044   Code   RO         6235    i.lwip_netconn_do_recv  api_msg.o
    0x08006caa   0x08006caa   0x00000002   PAD
    0x08006cac   0x08006cac   0x0000011c   Code   RO         6237    i.lwip_netconn_do_write  api_msg.o
    0x08006dc8   0x08006dc8   0x00000358   Code   RO         6238    i.lwip_netconn_do_writemore  api_msg.o
    0x08007120   0x08007120   0x00000070   Code   RO         6239    i.lwip_netconn_err_to_msg  api_msg.o
    0x08007190   0x08007190   0x00000074   Code   RO         6240    i.lwip_netconn_is_err_msg  api_msg.o
    0x08007204   0x08007204   0x00000056   Code   RO         6767    i.lwip_standard_chksum  inet_chksum.o
    0x0800725a   0x0800725a   0x0000000e   Code   RO            4    i.main              main.o
    0x08007268   0x08007268   0x00000198   Code   RO         6904    i.mem_free          mem.o
    0x08007400   0x08007400   0x00000090   Code   RO         6905    i.mem_init          mem.o
    0x08007490   0x08007490   0x0000027c   Code   RO         6906    i.mem_malloc        mem.o
    0x0800770c   0x0800770c   0x000000d0   Code   RO         6907    i.mem_overflow_check_raw  mem.o
    0x080077dc   0x080077dc   0x0000001e   Code   RO         6908    i.mem_overflow_init_raw  mem.o
    0x080077fa   0x080077fa   0x00000002   PAD
    0x080077fc   0x080077fc   0x00000010   Code   RO         6909    i.mem_to_ptr        mem.o
    0x0800780c   0x0800780c   0x000001b0   Code   RO         6910    i.mem_trim          mem.o
    0x080079bc   0x080079bc   0x00000070   Code   RO         6977    i.memp_free         memp.o
    0x08007a2c   0x08007a2c   0x0000005c   Code   RO         6978    i.memp_free_pool    memp.o
    0x08007a88   0x08007a88   0x0000001c   Code   RO         6979    i.memp_init         memp.o
    0x08007aa4   0x08007aa4   0x0000003a   Code   RO         6980    i.memp_init_pool    memp.o
    0x08007ade   0x08007ade   0x00000002   PAD
    0x08007ae0   0x08007ae0   0x0000006c   Code   RO         6981    i.memp_malloc_fn    memp.o
    0x08007b4c   0x08007b4c   0x00000054   Code   RO         6982    i.memp_malloc_pool_fn  memp.o
    0x08007ba0   0x08007ba0   0x00000014   Code   RO         6983    i.memp_overflow_check_element  memp.o
    0x08007bb4   0x08007bb4   0x000000c8   Code   RO         6465    i.netbuf_data       netbuf.o
    0x08007c7c   0x08007c7c   0x00000022   Code   RO         6466    i.netbuf_delete     netbuf.o
    0x08007c9e   0x08007c9e   0x00000002   PAD
    0x08007ca0   0x08007ca0   0x000000cc   Code   RO         6241    i.netconn_alloc     api_msg.o
    0x08007d6c   0x08007d6c   0x0000001c   Code   RO         6012    i.netconn_apimsg    api_lib.o
    0x08007d88   0x08007d88   0x00000006   Code   RO         6015    i.netconn_close     api_lib.o
    0x08007d8e   0x08007d8e   0x00000002   PAD
    0x08007d90   0x08007d90   0x00000078   Code   RO         6016    i.netconn_close_shutdown  api_lib.o
    0x08007e08   0x08007e08   0x00000084   Code   RO         6017    i.netconn_connect   api_lib.o
    0x08007e8c   0x08007e8c   0x0000001e   Code   RO         6018    i.netconn_delete    api_lib.o
    0x08007eaa   0x08007eaa   0x0000009c   Code   RO         6242    i.netconn_drain     api_msg.o
    0x08007f46   0x08007f46   0x0000001e   Code   RO         6020    i.netconn_err       api_lib.o
    0x08007f64   0x08007f64   0x00000134   Code   RO         6243    i.netconn_free      api_msg.o
    0x08008098   0x08008098   0x00000144   Code   RO         6023    i.netconn_new_with_proto_and_callback  api_lib.o
    0x080081dc   0x080081dc   0x00000020   Code   RO         6024    i.netconn_prepare_delete  api_lib.o
    0x080081fc   0x080081fc   0x00000110   Code   RO         6025    i.netconn_recv      api_lib.o
    0x0800830c   0x0800830c   0x00000154   Code   RO         6026    i.netconn_recv_data  api_lib.o
    0x08008460   0x08008460   0x00000092   Code   RO         6027    i.netconn_recv_data_tcp  api_lib.o
    0x080084f2   0x080084f2   0x00000002   PAD
    0x080084f4   0x080084f4   0x00000080   Code   RO         6036    i.netconn_tcp_recvd_msg  api_lib.o
    0x08008574   0x08008574   0x00000014   Code   RO         6037    i.netconn_write_partly  api_lib.o
    0x08008588   0x08008588   0x00000158   Code   RO         6038    i.netconn_write_vectors_partly  api_lib.o
    0x080086e0   0x080086e0   0x000001a8   Code   RO         7119    i.netif_add         netif.o
    0x08008888   0x08008888   0x00000016   Code   RO         7121    i.netif_do_ip_addr_changed  netif.o
    0x0800889e   0x0800889e   0x00000016   Code   RO         7122    i.netif_do_set_gw   netif.o
    0x080088b4   0x080088b4   0x00000090   Code   RO         7123    i.netif_do_set_ipaddr  netif.o
    0x08008944   0x08008944   0x00000016   Code   RO         7124    i.netif_do_set_netmask  netif.o
    0x0800895a   0x0800895a   0x00000002   PAD
    0x0800895c   0x0800895c   0x00000024   Code   RO         7126    i.netif_get_by_index  netif.o
    0x08008980   0x08008980   0x00000002   Code   RO         7128    i.netif_init        netif.o
    0x08008982   0x08008982   0x00000002   PAD
    0x08008984   0x08008984   0x00000088   Code   RO         7130    i.netif_issue_reports  netif.o
    0x08008a0c   0x08008a0c   0x00000006   Code   RO         7132    i.netif_null_output_ip4  netif.o
    0x08008a12   0x08008a12   0x00000002   PAD
    0x08008a14   0x08008a14   0x00000060   Code   RO         7134    i.netif_set_addr    netif.o
    0x08008a74   0x08008a74   0x0000000c   Code   RO         7135    i.netif_set_default  netif.o
    0x08008a80   0x08008a80   0x0000007c   Code   RO         7136    i.netif_set_down    netif.o
    0x08008afc   0x08008afc   0x00000008   Code   RO         7139    i.netif_set_link_callback  netif.o
    0x08008b04   0x08008b04   0x00000080   Code   RO         7140    i.netif_set_link_down  netif.o
    0x08008b84   0x08008b84   0x0000008c   Code   RO         7141    i.netif_set_link_up  netif.o
    0x08008c10   0x08008c10   0x00000074   Code   RO         7143    i.netif_set_up      netif.o
    0x08008c84   0x08008c84   0x00000006   Code   RO         7295    i.pbuf_add_header   pbuf.o
    0x08008c8a   0x08008c8a   0x00000002   PAD
    0x08008c8c   0x08008c8c   0x00000088   Code   RO         7297    i.pbuf_add_header_impl  pbuf.o
    0x08008d14   0x08008d14   0x00000234   Code   RO         7298    i.pbuf_alloc        pbuf.o
    0x08008f48   0x08008f48   0x00000080   Code   RO         7299    i.pbuf_alloc_reference  pbuf.o
    0x08008fc8   0x08008fc8   0x00000038   Code   RO         7300    i.pbuf_alloced_custom  pbuf.o
    0x08009000   0x08009000   0x000000fc   Code   RO         7301    i.pbuf_cat          pbuf.o
    0x080090fc   0x080090fc   0x00000012   Code   RO         7303    i.pbuf_clen         pbuf.o
    0x0800910e   0x0800910e   0x00000002   PAD
    0x08009110   0x08009110   0x00000064   Code   RO         7304    i.pbuf_clone        pbuf.o
    0x08009174   0x08009174   0x000001b4   Code   RO         7306    i.pbuf_copy         pbuf.o
    0x08009328   0x08009328   0x000000e4   Code   RO         7307    i.pbuf_copy_partial  pbuf.o
    0x0800940c   0x0800940c   0x00000134   Code   RO         7309    i.pbuf_free         pbuf.o
    0x08009540   0x08009540   0x0000000c   Code   RO         8715    i.pbuf_free_custom  netif_port.o
    0x0800954c   0x0800954c   0x00000034   Code   RO         7311    i.pbuf_free_ooseq_callback  pbuf.o
    0x08009580   0x08009580   0x00000006   Code   RO         7315    i.pbuf_header_force  pbuf.o
    0x08009586   0x08009586   0x0000000e   Code   RO         7316    i.pbuf_header_impl  pbuf.o
    0x08009594   0x08009594   0x0000001c   Code   RO         7317    i.pbuf_init_alloced_pbuf  pbuf.o
    0x080095b0   0x080095b0   0x00000100   Code   RO         7321    i.pbuf_realloc      pbuf.o
    0x080096b0   0x080096b0   0x00000064   Code   RO         7322    i.pbuf_ref          pbuf.o
    0x08009714   0x08009714   0x00000098   Code   RO         7323    i.pbuf_remove_header  pbuf.o
    0x080097ac   0x080097ac   0x00000024   Code   RO         5308    i.pcTaskGetName     tasks.o
    0x080097d0   0x080097d0   0x000000c0   Code   RO         6244    i.pcb_new           api_msg.o
    0x08009890   0x08009890   0x00000170   Code   RO         6911    i.plug_holes        mem.o
    0x08009a00   0x08009a00   0x000000a8   Code   RO         6245    i.poll_tcp          api_msg.o
    0x08009aa8   0x08009aa8   0x00000070   Code   RO         5309    i.prvAddCurrentTaskToDelayedList  tasks.o
    0x08009b18   0x08009b18   0x000000d0   Code   RO         5310    i.prvAddNewTaskToReadyList  tasks.o
    0x08009be8   0x08009be8   0x00000050   Code   RO         5645    i.prvCheckForValidListAndQueue  timers.o
    0x08009c38   0x08009c38   0x00000026   Code   RO         4908    i.prvCopyDataFromQueue  queue.o
    0x08009c5e   0x08009c5e   0x0000006c   Code   RO         4909    i.prvCopyDataToQueue  queue.o
    0x08009cca   0x08009cca   0x00000014   Code   RO         5311    i.prvDeleteTCB      tasks.o
    0x08009cde   0x08009cde   0x00000002   PAD
    0x08009ce0   0x08009ce0   0x0000004c   Code   RO         5870    i.prvHeapInit       heap_4.o
    0x08009d2c   0x08009d2c   0x0000005c   Code   RO         5312    i.prvIdleTask       tasks.o
    0x08009d88   0x08009d88   0x000000ae   Code   RO         5313    i.prvInitialiseNewTask  tasks.o
    0x08009e36   0x08009e36   0x00000002   PAD
    0x08009e38   0x08009e38   0x0000004c   Code   RO         5871    i.prvInsertBlockIntoFreeList  heap_4.o
    0x08009e84   0x08009e84   0x00000038   Code   RO         5646    i.prvInsertTimerInActiveList  timers.o
    0x08009ebc   0x08009ebc   0x0000001a   Code   RO         4910    i.prvIsQueueEmpty   queue.o
    0x08009ed6   0x08009ed6   0x00000074   Code   RO         4911    i.prvNotifyQueueSetContainer  queue.o
    0x08009f4a   0x08009f4a   0x00000002   PAD
    0x08009f4c   0x08009f4c   0x00000100   Code   RO         5647    i.prvProcessReceivedCommands  timers.o
    0x0800a04c   0x0800a04c   0x000000c4   Code   RO         5648    i.prvProcessTimerOrBlockTask  timers.o
    0x0800a110   0x0800a110   0x00000020   Code   RO         5315    i.prvResetNextTaskUnblockTime  tasks.o
    0x0800a130   0x0800a130   0x00000028   Code   RO         5649    i.prvSampleTimeNow  timers.o
    0x0800a158   0x0800a158   0x00000070   Code   RO         5650    i.prvSwitchTimerLists  timers.o
    0x0800a1c8   0x0800a1c8   0x00000030   Code   RO         5795    i.prvTaskExitError  port.o
    0x0800a1f8   0x0800a1f8   0x00000028   Code   RO         5651    i.prvTimerTask      timers.o
    0x0800a220   0x0800a220   0x00000078   Code   RO         4912    i.prvUnlockQueue    queue.o
    0x0800a298   0x0800a298   0x0000000c   Code   RO         6912    i.ptr_to_mem        mem.o
    0x0800a2a4   0x0800a2a4   0x000000e4   Code   RO         5872    i.pvPortMalloc      heap_4.o
    0x0800a388   0x0800a388   0x00000018   Code   RO         5317    i.pvTaskIncrementMutexHeldCount  tasks.o
    0x0800a3a0   0x0800a3a0   0x0000002c   Code   RO         5796    i.pxPortInitialiseStack  port.o
    0x0800a3cc   0x0800a3cc   0x00000004   Code   RO          405    i.received_server_data_process  tcp_client.o
    0x0800a3d0   0x0800a3d0   0x00000150   Code   RO         6246    i.recv_tcp          api_msg.o
    0x0800a520   0x0800a520   0x00000134   Code   RO         6247    i.recv_udp          api_msg.o
    0x0800a654   0x0800a654   0x00000024   Code   RO          406    i.send_server_data  tcp_client.o
    0x0800a678   0x0800a678   0x0000009c   Code   RO         6248    i.sent_tcp          api_msg.o
    0x0800a714   0x0800a714   0x00000044   Code   RO         6249    i.setup_tcp         api_msg.o
    0x0800a758   0x0800a758   0x00000050   Code   RO         8523    i.sys_arch_assert   sys_arch.o
    0x0800a7a8   0x0800a7a8   0x000000b4   Code   RO         8524    i.sys_arch_mbox_fetch  sys_arch.o
    0x0800a85c   0x0800a85c   0x00000020   Code   RO         8525    i.sys_arch_mbox_tryfetch  sys_arch.o
    0x0800a87c   0x0800a87c   0x0000000a   Code   RO         8526    i.sys_arch_protect  sys_arch.o
    0x0800a886   0x0800a886   0x00000002   PAD
    0x0800a888   0x0800a888   0x000000a4   Code   RO         8527    i.sys_arch_sem_wait  sys_arch.o
    0x0800a92c   0x0800a92c   0x00000004   Code   RO         8528    i.sys_arch_unprotect  sys_arch.o
    0x0800a930   0x0800a930   0x00000040   Code   RO         8053    i.sys_check_timeouts  timeouts.o
    0x0800a970   0x0800a970   0x00000002   Code   RO         8529    i.sys_init          sys_arch.o
    0x0800a972   0x0800a972   0x00000002   PAD
    0x0800a974   0x0800a974   0x00000084   Code   RO         8531    i.sys_mbox_free     sys_arch.o
    0x0800a9f8   0x0800a9f8   0x00000022   Code   RO         8532    i.sys_mbox_new      sys_arch.o
    0x0800aa1a   0x0800aa1a   0x00000006   Code   RO         8534    i.sys_mbox_set_invalid  sys_arch.o
    0x0800aa20   0x0800aa20   0x00000020   Code   RO         8535    i.sys_mbox_trypost  sys_arch.o
    0x0800aa40   0x0800aa40   0x0000000a   Code   RO         8537    i.sys_mbox_valid    sys_arch.o
    0x0800aa4a   0x0800aa4a   0x0000000e   Code   RO         8539    i.sys_mutex_lock    sys_arch.o
    0x0800aa58   0x0800aa58   0x00000018   Code   RO         8540    i.sys_mutex_new     sys_arch.o
    0x0800aa70   0x0800aa70   0x00000012   Code   RO         8541    i.sys_mutex_unlock  sys_arch.o
    0x0800aa82   0x0800aa82   0x00000004   Code   RO         8542    i.sys_now           sys_arch.o
    0x0800aa86   0x0800aa86   0x00000006   Code   RO         8543    i.sys_sem_free      sys_arch.o
    0x0800aa8c   0x0800aa8c   0x00000036   Code   RO         8544    i.sys_sem_new       sys_arch.o
    0x0800aac2   0x0800aac2   0x00000006   Code   RO         8545    i.sys_sem_set_invalid  sys_arch.o
    0x0800aac8   0x0800aac8   0x00000012   Code   RO         8546    i.sys_sem_signal    sys_arch.o
    0x0800aada   0x0800aada   0x0000000a   Code   RO         8547    i.sys_sem_valid     sys_arch.o
    0x0800aae4   0x0800aae4   0x0000002c   Code   RO         8548    i.sys_thread_new    sys_arch.o
    0x0800ab10   0x0800ab10   0x0000008c   Code   RO         8055    i.sys_timeout       timeouts.o
    0x0800ab9c   0x0800ab9c   0x000000c8   Code   RO         8056    i.sys_timeout_abs   timeouts.o
    0x0800ac64   0x0800ac64   0x00000024   Code   RO         8057    i.sys_timeouts_init  timeouts.o
    0x0800ac88   0x0800ac88   0x00000028   Code   RO         8058    i.sys_timeouts_sleeptime  timeouts.o
    0x0800acb0   0x0800acb0   0x00000178   Code   RO         7531    i.tcp_abandon       tcp.o
    0x0800ae28   0x0800ae28   0x00000006   Code   RO         7532    i.tcp_abort         tcp.o
    0x0800ae2e   0x0800ae2e   0x0000000e   Code   RO         7533    i.tcp_accept        tcp.o
    0x0800ae3c   0x0800ae3c   0x00000160   Code   RO         7535    i.tcp_alloc         tcp.o
    0x0800af9c   0x0800af9c   0x00000008   Code   RO         7536    i.tcp_arg           tcp.o
    0x0800afa4   0x0800afa4   0x000002e4   Code   RO          407    i.tcp_client_conn_server_task  tcp_client.o
    0x0800b288   0x0800b288   0x0000006c   Code   RO         7539    i.tcp_close         tcp.o
    0x0800b2f4   0x0800b2f4   0x000001a8   Code   RO         7540    i.tcp_close_shutdown  tcp.o
    0x0800b49c   0x0800b49c   0x00000090   Code   RO         7541    i.tcp_close_shutdown_fin  tcp.o
    0x0800b52c   0x0800b52c   0x000001b4   Code   RO         7542    i.tcp_connect       tcp.o
    0x0800b6e0   0x0800b6e0   0x00000154   Code   RO         7904    i.tcp_create_segment  tcp_out.o
    0x0800b834   0x0800b834   0x00000080   Code   RO         7544    i.tcp_eff_send_mss_netif  tcp.o
    0x0800b8b4   0x0800b8b4   0x00000204   Code   RO         7905    i.tcp_enqueue_flags  tcp_out.o
    0x0800bab8   0x0800bab8   0x0000006c   Code   RO         7545    i.tcp_err           tcp.o
    0x0800bb24   0x0800bb24   0x0000006c   Code   RO         7546    i.tcp_fasttmr       tcp.o
    0x0800bb90   0x0800bb90   0x00000058   Code   RO         7547    i.tcp_free          tcp.o
    0x0800bbe8   0x0800bbe8   0x0000010c   Code   RO         7827    i.tcp_free_acked_segments  tcp_in.o
    0x0800bcf4   0x0800bcf4   0x00000014   Code   RO         7548    i.tcp_free_ooseq    tcp.o
    0x0800bd08   0x0800bd08   0x00000028   Code   RO         7828    i.tcp_get_next_optbyte  tcp_in.o
    0x0800bd30   0x0800bd30   0x00000002   Code   RO         7549    i.tcp_init          tcp.o
    0x0800bd32   0x0800bd32   0x00000002   PAD
    0x0800bd34   0x0800bd34   0x00000620   Code   RO         7829    i.tcp_input         tcp_in.o
    0x0800c354   0x0800c354   0x0000009c   Code   RO         7830    i.tcp_input_delayed_close  tcp_in.o
    0x0800c3f0   0x0800c3f0   0x00000094   Code   RO         7906    i.tcp_keepalive     tcp_out.o
    0x0800c484   0x0800c484   0x00000084   Code   RO         7550    i.tcp_kill_state    tcp.o
    0x0800c508   0x0800c508   0x000000dc   Code   RO         7551    i.tcp_listen_closed  tcp.o
    0x0800c5e4   0x0800c5e4   0x00000160   Code   RO         7831    i.tcp_listen_input  tcp_in.o
    0x0800c744   0x0800c744   0x0000004c   Code   RO         7554    i.tcp_netif_ip_addr_changed  tcp.o
    0x0800c790   0x0800c790   0x0000008c   Code   RO         7555    i.tcp_netif_ip_addr_changed_pcblist  tcp.o
    0x0800c81c   0x0800c81c   0x00000006   Code   RO         7557    i.tcp_new_ip_type   tcp.o
    0x0800c822   0x0800c822   0x00000002   PAD
    0x0800c824   0x0800c824   0x0000005c   Code   RO         7558    i.tcp_new_port      tcp.o
    0x0800c880   0x0800c880   0x00000060   Code   RO         7559    i.tcp_next_iss      tcp.o
    0x0800c8e0   0x0800c8e0   0x000000d4   Code   RO         7832    i.tcp_oos_insert_segment  tcp_in.o
    0x0800c9b4   0x0800c9b4   0x000002b4   Code   RO         7907    i.tcp_output        tcp_out.o
    0x0800cc68   0x0800cc68   0x00000094   Code   RO         7908    i.tcp_output_alloc_header  tcp_out.o
    0x0800ccfc   0x0800ccfc   0x000000d8   Code   RO         7909    i.tcp_output_alloc_header_common  tcp_out.o
    0x0800cdd4   0x0800cdd4   0x000000a8   Code   RO         7910    i.tcp_output_control_segment  tcp_out.o
    0x0800ce7c   0x0800ce7c   0x000000a4   Code   RO         7911    i.tcp_output_fill_options  tcp_out.o
    0x0800cf20   0x0800cf20   0x000001a8   Code   RO         7912    i.tcp_output_segment  tcp_out.o
    0x0800d0c8   0x0800d0c8   0x00000074   Code   RO         7913    i.tcp_output_segment_busy  tcp_out.o
    0x0800d13c   0x0800d13c   0x000000c4   Code   RO         7833    i.tcp_parseopt      tcp_in.o
    0x0800d200   0x0800d200   0x0000011c   Code   RO         7914    i.tcp_pbuf_prealloc  tcp_out.o
    0x0800d31c   0x0800d31c   0x00000098   Code   RO         7560    i.tcp_pcb_purge     tcp.o
    0x0800d3b4   0x0800d3b4   0x00000160   Code   RO         7561    i.tcp_pcb_remove    tcp.o
    0x0800d514   0x0800d514   0x00000098   Code   RO         7562    i.tcp_poll          tcp.o
    0x0800d5ac   0x0800d5ac   0x000004a4   Code   RO         7834    i.tcp_process       tcp_in.o
    0x0800da50   0x0800da50   0x000000d0   Code   RO         7563    i.tcp_process_refused_data  tcp.o
    0x0800db20   0x0800db20   0x000008ec   Code   RO         7835    i.tcp_receive       tcp_in.o
    0x0800e40c   0x0800e40c   0x0000006c   Code   RO         7564    i.tcp_recv          tcp.o
    0x0800e478   0x0800e478   0x00000078   Code   RO         7565    i.tcp_recv_null     tcp.o
    0x0800e4f0   0x0800e4f0   0x000000d0   Code   RO         7566    i.tcp_recved        tcp.o
    0x0800e5c0   0x0800e5c0   0x000000b4   Code   RO         7915    i.tcp_rexmit        tcp_out.o
    0x0800e674   0x0800e674   0x000000b4   Code   RO         7916    i.tcp_rexmit_fast   tcp_out.o
    0x0800e728   0x0800e728   0x0000006c   Code   RO         7917    i.tcp_rexmit_rto    tcp_out.o
    0x0800e794   0x0800e794   0x00000078   Code   RO         7918    i.tcp_rexmit_rto_commit  tcp_out.o
    0x0800e80c   0x0800e80c   0x000000cc   Code   RO         7919    i.tcp_rexmit_rto_prepare  tcp_out.o
    0x0800e8d8   0x0800e8d8   0x00000010   Code   RO         7920    i.tcp_route         tcp_out.o
    0x0800e8e8   0x0800e8e8   0x000000e0   Code   RO         7921    i.tcp_rst           tcp_out.o
    0x0800e9c8   0x0800e9c8   0x00000078   Code   RO         7567    i.tcp_seg_copy      tcp.o
    0x0800ea40   0x0800ea40   0x0000001c   Code   RO         7568    i.tcp_seg_free      tcp.o
    0x0800ea5c   0x0800ea5c   0x00000012   Code   RO         7569    i.tcp_segs_free     tcp.o
    0x0800ea6e   0x0800ea6e   0x00000002   PAD
    0x0800ea70   0x0800ea70   0x000000b4   Code   RO         7922    i.tcp_send_empty_ack  tcp_out.o
    0x0800eb24   0x0800eb24   0x00000098   Code   RO         7923    i.tcp_send_fin      tcp_out.o
    0x0800ebbc   0x0800ebbc   0x0000006c   Code   RO         7570    i.tcp_sent          tcp.o
    0x0800ec28   0x0800ec28   0x000000a4   Code   RO         7572    i.tcp_shutdown      tcp.o
    0x0800eccc   0x0800eccc   0x000005a0   Code   RO         7573    i.tcp_slowtmr       tcp.o
    0x0800f26c   0x0800f26c   0x00000200   Code   RO         7924    i.tcp_split_unsent_seg  tcp_out.o
    0x0800f46c   0x0800f46c   0x00000034   Code   RO         8060    i.tcp_timer_needed  timeouts.o
    0x0800f4a0   0x0800f4a0   0x000000c8   Code   RO         7836    i.tcp_timewait_input  tcp_in.o
    0x0800f568   0x0800f568   0x00000020   Code   RO         7575    i.tcp_tmr           tcp.o
    0x0800f588   0x0800f588   0x00000010   Code   RO         7837    i.tcp_trigger_input_pcb_close  tcp_in.o
    0x0800f598   0x0800f598   0x000000c0   Code   RO         7577    i.tcp_update_rcv_ann_wnd  tcp.o
    0x0800f658   0x0800f658   0x00000740   Code   RO         7925    i.tcp_write         tcp_out.o
    0x0800fd98   0x0800fd98   0x00000140   Code   RO         7926    i.tcp_write_checks  tcp_out.o
    0x0800fed8   0x0800fed8   0x00000110   Code   RO         7927    i.tcp_zero_window_probe  tcp_out.o
    0x0800ffe8   0x0800ffe8   0x000000d8   Code   RO         6563    i.tcpip_init        tcpip.o
    0x080100c0   0x080100c0   0x0000008c   Code   RO         6564    i.tcpip_inpkt       tcpip.o
    0x0801014c   0x0801014c   0x0000001c   Code   RO         6565    i.tcpip_input       tcpip.o
    0x08010168   0x08010168   0x00000020   Code   RO         6566    i.tcpip_send_msg_wait_sem  tcpip.o
    0x08010188   0x08010188   0x00000038   Code   RO         8061    i.tcpip_tcp_timer   timeouts.o
    0x080101c0   0x080101c0   0x000000c0   Code   RO         6567    i.tcpip_thread      tcpip.o
    0x08010280   0x08010280   0x00000094   Code   RO         6568    i.tcpip_thread_handle_msg  tcpip.o
    0x08010314   0x08010314   0x0000008c   Code   RO         6569    i.tcpip_try_callback  tcpip.o
    0x080103a0   0x080103a0   0x00000100   Code   RO         8132    i.udp_bind          udp.o
    0x080104a0   0x080104a0   0x000000cc   Code   RO         8134    i.udp_connect       udp.o
    0x0801056c   0x0801056c   0x00000002   Code   RO         8136    i.udp_init          udp.o
    0x0801056e   0x0801056e   0x00000002   PAD
    0x08010570   0x08010570   0x000001b4   Code   RO         8137    i.udp_input         udp.o
    0x08010724   0x08010724   0x000000dc   Code   RO         8138    i.udp_input_local_match  udp.o
    0x08010800   0x08010800   0x00000034   Code   RO         8139    i.udp_netif_ip_addr_changed  udp.o
    0x08010834   0x08010834   0x00000040   Code   RO         8140    i.udp_new           udp.o
    0x08010874   0x08010874   0x00000004   Code   RO         8141    i.udp_new_ip_type   udp.o
    0x08010878   0x08010878   0x00000058   Code   RO         8142    i.udp_recv          udp.o
    0x080108d0   0x080108d0   0x00000084   Code   RO         8143    i.udp_remove        udp.o
    0x08010954   0x08010954   0x00000026   Code   RO         4871    i.uxListRemove      list.o
    0x0801097a   0x0801097a   0x00000028   Code   RO         4915    i.uxQueueMessagesWaiting  queue.o
    0x080109a2   0x080109a2   0x00000016   Code   RO         4872    i.vListInitialise   list.o
    0x080109b8   0x080109b8   0x00000006   Code   RO         4873    i.vListInitialiseItem  list.o
    0x080109be   0x080109be   0x00000030   Code   RO         4874    i.vListInsert       list.o
    0x080109ee   0x080109ee   0x00000018   Code   RO         4875    i.vListInsertEnd    list.o
    0x08010a06   0x08010a06   0x00000002   PAD
    0x08010a08   0x08010a08   0x00000048   Code   RO         5798    i.vPortEnterCritical  port.o
    0x08010a50   0x08010a50   0x0000002c   Code   RO         5799    i.vPortExitCritical  port.o
    0x08010a7c   0x08010a7c   0x00000064   Code   RO         5873    i.vPortFree         heap_4.o
    0x08010ae0   0x08010ae0   0x00000018   Code   RO         5800    i.vPortSetupTimerInterrupt  port.o
    0x08010af8   0x08010af8   0x0000005c   Code   RO         5801    i.vPortValidateInterruptPriority  port.o
    0x08010b54   0x08010b54   0x00000024   Code   RO         4918    i.vQueueAddToRegistry  queue.o
    0x08010b78   0x08010b78   0x00000028   Code   RO         4919    i.vQueueDelete      queue.o
    0x08010ba0   0x08010ba0   0x00000028   Code   RO         4921    i.vQueueUnregisterQueue  queue.o
    0x08010bc8   0x08010bc8   0x00000044   Code   RO         4922    i.vQueueWaitForMessageRestricted  queue.o
    0x08010c0c   0x08010c0c   0x00000050   Code   RO         5325    i.vTaskDelay        tasks.o
    0x08010c5c   0x08010c5c   0x00000010   Code   RO         5330    i.vTaskInternalSetTimeOutState  tasks.o
    0x08010c6c   0x08010c6c   0x0000000c   Code   RO         5331    i.vTaskMissedYield  tasks.o
    0x08010c78   0x08010c78   0x00000034   Code   RO         5333    i.vTaskPlaceOnEventList  tasks.o
    0x08010cac   0x08010cac   0x0000003c   Code   RO         5334    i.vTaskPlaceOnEventListRestricted  tasks.o
    0x08010ce8   0x08010ce8   0x000000b4   Code   RO         5336    i.vTaskPriorityDisinheritAfterTimeout  tasks.o
    0x08010d9c   0x08010d9c   0x00000078   Code   RO         5342    i.vTaskStartScheduler  tasks.o
    0x08010e14   0x08010e14   0x00000010   Code   RO         5344    i.vTaskSuspendAll   tasks.o
    0x08010e24   0x08010e24   0x00000060   Code   RO         5345    i.vTaskSwitchContext  tasks.o
    0x08010e84   0x08010e84   0x000000c4   Code   RO         5802    i.xPortStartScheduler  port.o
    0x08010f48   0x08010f48   0x00000024   Code   RO         4925    i.xQueueCreateMutex  queue.o
    0x08010f6c   0x08010f6c   0x0000005a   Code   RO         4927    i.xQueueGenericCreate  queue.o
    0x08010fc6   0x08010fc6   0x00000002   PAD
    0x08010fc8   0x08010fc8   0x0000008c   Code   RO         4928    i.xQueueGenericReset  queue.o
    0x08011054   0x08011054   0x00000188   Code   RO         4929    i.xQueueGenericSend  queue.o
    0x080111dc   0x080111dc   0x000000da   Code   RO         4930    i.xQueueGenericSendFromISR  queue.o
    0x080112b6   0x080112b6   0x000000be   Code   RO         4931    i.xQueueGiveFromISR  queue.o
    0x08011374   0x08011374   0x00000144   Code   RO         4937    i.xQueueReceive     queue.o
    0x080114b8   0x080114b8   0x00000188   Code   RO         4942    i.xQueueSemaphoreTake  queue.o
    0x08011640   0x08011640   0x0000007c   Code   RO         5346    i.xTaskCheckForTimeOut  tasks.o
    0x080116bc   0x080116bc   0x00000056   Code   RO         5347    i.xTaskCreate       tasks.o
    0x08011712   0x08011712   0x00000002   PAD
    0x08011714   0x08011714   0x000000ec   Code   RO         5348    i.xTaskGenericNotify  tasks.o
    0x08011800   0x08011800   0x0000001c   Code   RO         5351    i.xTaskGetSchedulerState  tasks.o
    0x0801181c   0x0801181c   0x0000000c   Code   RO         5352    i.xTaskGetTickCount  tasks.o
    0x08011828   0x08011828   0x000000cc   Code   RO         5354    i.xTaskIncrementTick  tasks.o
    0x080118f4   0x080118f4   0x0000008c   Code   RO         5356    i.xTaskNotifyWait   tasks.o
    0x08011980   0x08011980   0x000000a0   Code   RO         5357    i.xTaskPriorityDisinherit  tasks.o
    0x08011a20   0x08011a20   0x00000094   Code   RO         5358    i.xTaskPriorityInherit  tasks.o
    0x08011ab4   0x08011ab4   0x00000078   Code   RO         5359    i.xTaskRemoveFromEventList  tasks.o
    0x08011b2c   0x08011b2c   0x000000c8   Code   RO         5360    i.xTaskResumeAll    tasks.o
    0x08011bf4   0x08011bf4   0x00000050   Code   RO         5658    i.xTimerCreateTimerTask  timers.o
    0x08011c44   0x08011c44   0x00000068   Code   RO         5659    i.xTimerGenericCommand  timers.o
    0x08011cac   0x08011cac   0x0000001c   Data   RO          408    .constdata          tcp_client.o
    0x08011cc8   0x08011cc8   0x00000010   Data   RO         4575    .constdata          system_stm32h7xx.o
    0x08011cd8   0x08011cd8   0x00000010   Data   RO         4836    .constdata          segger_rtt_printf.o
    0x08011ce8   0x08011ce8   0x00000003   Data   RO         6250    .constdata          api_msg.o
    0x08011ceb   0x08011ceb   0x00000001   PAD
    0x08011cec   0x08011cec   0x00000010   Data   RO         6995    .constdata          memp.o
    0x08011cfc   0x08011cfc   0x00000010   Data   RO         6996    .constdata          memp.o
    0x08011d0c   0x08011d0c   0x00000010   Data   RO         6997    .constdata          memp.o
    0x08011d1c   0x08011d1c   0x00000010   Data   RO         6998    .constdata          memp.o
    0x08011d2c   0x08011d2c   0x00000010   Data   RO         6999    .constdata          memp.o
    0x08011d3c   0x08011d3c   0x00000010   Data   RO         7000    .constdata          memp.o
    0x08011d4c   0x08011d4c   0x00000010   Data   RO         7001    .constdata          memp.o
    0x08011d5c   0x08011d5c   0x00000010   Data   RO         7002    .constdata          memp.o
    0x08011d6c   0x08011d6c   0x00000010   Data   RO         7003    .constdata          memp.o
    0x08011d7c   0x08011d7c   0x00000010   Data   RO         7004    .constdata          memp.o
    0x08011d8c   0x08011d8c   0x00000010   Data   RO         7005    .constdata          memp.o
    0x08011d9c   0x08011d9c   0x0000002c   Data   RO         7006    .constdata          memp.o
    0x08011dc8   0x08011dc8   0x00000054   Data   RO         7578    .constdata          tcp.o
    0x08011e1c   0x08011e1c   0x00000010   Data   RO         8062    .constdata          timeouts.o
    0x08011e2c   0x08011e2c   0x00000004   Data   RO         8436    .constdata          ip4_addr.o
    0x08011e30   0x08011e30   0x00000006   Data   RO         8497    .constdata          ethernet.o
    0x08011e36   0x08011e36   0x00000006   Data   RO         8498    .constdata          ethernet.o
    0x08011e3c   0x08011e3c   0x00000022   Data   RO         8721    .constdata          netif_port.o
    0x08011e5e   0x08011e5e   0x0000008c   Data   RO         8941    .constdata          elog.o
    0x08011eea   0x08011eea   0x00000023   Data   RO         9100    .constdata          elog_utils.o
    0x08011f0d   0x08011f0d   0x00000081   Data   RO         9181    .constdata          mc_w.l(ctype_o.o)
    0x08011f8e   0x08011f8e   0x00000002   PAD
    0x08011f90   0x08011f90   0x00000004   Data   RO         9182    .constdata          mc_w.l(ctype_o.o)
    0x08011f94   0x08011f94   0x00000008   Data   RO         7007    .conststring        memp.o
    0x08011f9c   0x08011f9c   0x00000008   Data   RO         7008    .conststring        memp.o
    0x08011fa4   0x08011fa4   0x0000000f   Data   RO         7009    .conststring        memp.o
    0x08011fb3   0x08011fb3   0x00000001   PAD
    0x08011fb4   0x08011fb4   0x00000008   Data   RO         7010    .conststring        memp.o
    0x08011fbc   0x08011fbc   0x00000007   Data   RO         7011    .conststring        memp.o
    0x08011fc3   0x08011fc3   0x00000001   PAD
    0x08011fc4   0x08011fc4   0x00000008   Data   RO         7012    .conststring        memp.o
    0x08011fcc   0x08011fcc   0x0000000e   Data   RO         7013    .conststring        memp.o
    0x08011fda   0x08011fda   0x00000002   PAD
    0x08011fdc   0x08011fdc   0x00000010   Data   RO         7014    .conststring        memp.o
    0x08011fec   0x08011fec   0x0000000c   Data   RO         7015    .conststring        memp.o
    0x08011ff8   0x08011ff8   0x0000000d   Data   RO         7016    .conststring        memp.o
    0x08012005   0x08012005   0x00000003   PAD
    0x08012008   0x08012008   0x0000000a   Data   RO         7017    .conststring        memp.o
    0x08012012   0x08012012   0x00000002   PAD
    0x08012014   0x08012014   0x0000006d   Data   RO         7579    .conststring        tcp.o
    0x08012081   0x08012081   0x00000003   PAD
    0x08012084   0x08012084   0x00000055   Data   RO         7928    .conststring        tcp_out.o
    0x080120d9   0x080120d9   0x00000003   PAD
    0x080120dc   0x080120dc   0x00000041   Data   RO         8272    .conststring        etharp.o
    0x0801211d   0x0801211d   0x00000003   PAD
    0x08012120   0x08012120   0x00000017   Data   RO         8722    .conststring        netif_port.o
    0x08012137   0x08012137   0x00000001   PAD
    0x08012138   0x08012138   0x00000048   Data   RO         8942    .conststring        elog.o
    0x08012180   0x08012180   0x00000050   Data   RO         9550    Region$$Table       anon$$obj.o


    Execution Region RW_IRAM2 (Exec base: 0x24000000, Load base: 0x080121d0, Size: 0x00013018, Max: 0x00080000, ABSOLUTE, COMPRESSED[0x00000054])

    Exec Addr    Load Addr    Size         Type   Attr      Idx    E Section Name        Object

    0x24000000   COMPRESSED   0x00000008   Data   RW          409    .data               tcp_client.o
    0x24000008   COMPRESSED   0x00000008   Data   RW          703    .data               task_list.o
    0x24000010   COMPRESSED   0x0000001c   Data   RW          981    .data               bsp_timer.o
    0x2400002c   COMPRESSED   0x0000000c   Data   RW         1494    .data               stm32h7xx_hal.o
    0x24000038   COMPRESSED   0x00000004   Data   RW         4576    .data               system_stm32h7xx.o
    0x2400003c   COMPRESSED   0x00000004   Data   RW         4577    .data               system_stm32h7xx.o
    0x24000040   COMPRESSED   0x00000004   Data   RW         4616    .data               segger_hardfaulthandler.o
    0x24000044   COMPRESSED   0x0000003c   Data   RW         5363    .data               tasks.o
    0x24000080   COMPRESSED   0x00000014   Data   RW         5667    .data               timers.o
    0x24000094   COMPRESSED   0x0000000c   Data   RW         5803    .data               port.o
    0x240000a0   COMPRESSED   0x00000018   Data   RW         5878    .data               heap_4.o
    0x240000b8   COMPRESSED   0x00000010   Data   RW         6570    .data               tcpip.o
    0x240000c8   COMPRESSED   0x00000014   Data   RW         6913    .data               mem.o
    0x240000dc   COMPRESSED   0x00000004   Data   RW         7018    .data               memp.o
    0x240000e0   COMPRESSED   0x00000004   Data   RW         7019    .data               memp.o
    0x240000e4   COMPRESSED   0x00000004   Data   RW         7020    .data               memp.o
    0x240000e8   COMPRESSED   0x00000004   Data   RW         7021    .data               memp.o
    0x240000ec   COMPRESSED   0x00000004   Data   RW         7022    .data               memp.o
    0x240000f0   COMPRESSED   0x00000004   Data   RW         7023    .data               memp.o
    0x240000f4   COMPRESSED   0x00000004   Data   RW         7024    .data               memp.o
    0x240000f8   COMPRESSED   0x00000004   Data   RW         7025    .data               memp.o
    0x240000fc   COMPRESSED   0x00000004   Data   RW         7026    .data               memp.o
    0x24000100   COMPRESSED   0x00000004   Data   RW         7027    .data               memp.o
    0x24000104   COMPRESSED   0x00000004   Data   RW         7028    .data               memp.o
    0x24000108   COMPRESSED   0x0000000c   Data   RW         7144    .data               netif.o
    0x24000114   COMPRESSED   0x00000001   Data   RW         7330    .data               pbuf.o
    0x24000115   COMPRESSED   0x00000003   PAD
    0x24000118   COMPRESSED   0x00000020   Data   RW         7580    .data               tcp.o
    0x24000138   COMPRESSED   0x00000024   Data   RW         7839    .data               tcp_in.o
    0x2400015c   COMPRESSED   0x0000000c   Data   RW         8064    .data               timeouts.o
    0x24000168   COMPRESSED   0x00000008   Data   RW         8148    .data               udp.o
    0x24000170   COMPRESSED   0x00000001   Data   RW         8273    .data               etharp.o
    0x24000171   COMPRESSED   0x00000001   PAD
    0x24000172   COMPRESSED   0x00000002   Data   RW         8392    .data               ip4.o
    0x24000174   COMPRESSED   0x00000018   Data   RW         8723    .data               netif_port.o
    0x2400018c   COMPRESSED   0x00000004   Data   RW         8724    .data               netif_port.o
    0x24000190   COMPRESSED   0x00000034   Data   RW         8943    .data               elog.o
    0x240001c4   COMPRESSED   0x00000008   Data   RW         9074    .data               elog_buf.o
    0x240001cc   COMPRESSED   0x00000004   Data   RW         9513    .data               mc_w.l(stdout.o)
    0x240001d0        -       0x00000034   Zero   RW          607    .bss                second_task.o
    0x24000204        -       0x00001058   Zero   RW         1164    .bss                bsp_uart_fifo.o
    0x2400125c        -       0x00000040   Zero   RW         1368    .bss                stm32h7xx_hal_timebase_tim.o
    0x2400129c        -       0x00000040   Zero   RW         4615    .bss                segger_hardfaulthandler.o
    0x240012dc        -       0x000004b8   Zero   RW         4669    .bss                segger_rtt.o
    0x24001794        -       0x00000040   Zero   RW         4944    .bss                queue.o
    0x240017d4        -       0x000000c8   Zero   RW         5362    .bss                tasks.o
    0x2400189c        -       0x00000028   Zero   RW         5666    .bss                timers.o
    0x240018c4        -       0x0000b800   Zero   RW         5877    .bss                heap_4.o
    0x2400d0c4        -       0x00000018   Zero   RW         6891    .bss                ip.o
    0x2400d0dc        -       0x000000e7   Zero   RW         6984    .bss                memp.o
    0x2400d1c3        -       0x000004b3   Zero   RW         6985    .bss                memp.o
    0x2400d676        -       0x000000db   Zero   RW         6986    .bss                memp.o
    0x2400d751        -       0x00000403   Zero   RW         6987    .bss                memp.o
    0x2400db54        -       0x0000007b   Zero   RW         6988    .bss                memp.o
    0x2400dbcf        -       0x00000193   Zero   RW         6989    .bss                memp.o
    0x2400dd62        -       0x000001e3   Zero   RW         6990    .bss                memp.o
    0x2400df45        -       0x000001e3   Zero   RW         6991    .bss                memp.o
    0x2400e128        -       0x0000025b   Zero   RW         6992    .bss                memp.o
    0x2400e383        -       0x000003c3   Zero   RW         6993    .bss                memp.o
    0x2400e746        -       0x00003d93   Zero   RW         6994    .bss                memp.o
    0x240124d9   COMPRESSED   0x00000003   PAD
    0x240124dc        -       0x00000014   Zero   RW         7838    .bss                tcp_in.o
    0x240124f0        -       0x000000f0   Zero   RW         8271    .bss                etharp.o
    0x240125e0        -       0x00000010   Zero   RW         8435    .bss                ip4_addr.o
    0x240125f0        -       0x000000bc   Zero   RW         8719    .bss                netif_port.o
    0x240126ac        -       0x00000103   Zero   RW         8720    .bss                netif_port.o
    0x240127af   COMPRESSED   0x00000001   PAD
    0x240127b0        -       0x00000454   Zero   RW         8940    .bss                elog.o
    0x24012c04        -       0x00000010   Zero   RW         9129    .bss                elog_port.o
    0x24012c14   COMPRESSED   0x00000004   PAD
    0x24012c18        -       0x00000400   Zero   RW         1435    STACK               startup_stm32h750xx.o


    Execution Region RW_DMARxDscrTab (Exec base: 0x30040000, Load base: 0x08012224, Size: 0x00000060, Max: 0x00000060, ABSOLUTE)

    Exec Addr    Load Addr    Size         Type   Attr      Idx    E Section Name        Object

    0x30040000   0x08012224   0x00000060   Data   RW         8717    .RxDecripSection    netif_port.o


    Execution Region RW_DMATxDscrTab (Exec base: 0x30040060, Load base: 0x08012284, Size: 0x00000060, Max: 0x00000140, ABSOLUTE)

    Exec Addr    Load Addr    Size         Type   Attr      Idx    E Section Name        Object

    0x30040060   0x08012284   0x00000060   Data   RW         8718    .TxDecripSection    netif_port.o


    Execution Region RW_Rx_Buffb (Exec base: 0x30040200, Load base: 0x080122e4, Size: 0x00001800, Max: 0x00001800, ABSOLUTE, COMPRESSED[0x00000034])

    Exec Addr    Load Addr    Size         Type   Attr      Idx    E Section Name        Object

    0x30040200   COMPRESSED   0x00001800   Data   RW         8716    .RxArraySection     netif_port.o


==============================================================================

Image component sizes


      Code (inc. data)   RO Data    RW Data    ZI Data      Debug   Object Name

      1952        750          0          0          0      30643   api_lib.o
      5670       2034          3          0          0      39601   api_msg.o
       484         34          0          0          0      38210   bsp.o
       148          4          0         28          0       2501   bsp_timer.o
       364         12          0          0       4184       7582   bsp_uart_fifo.o
         8          0          0          0          0       1074   def.o
      1132        288        212         52       1108      12026   elog.o
       108          4          0          8          0       1518   elog_buf.o
        74         30          0          0         16       3320   elog_port.o
       248        100         35          0          0       2801   elog_utils.o
         0          0          0          0          0       2324   err.o
      2600        798         65          1        240      12815   etharp.o
       356         96         12          0          0       2670   ethernet.o
        64          4          0          0          0       2729   first_task.o
       176         12          0          0          0       1071   gpio.o
        18          0          0          0          0        332   hardfaulthandler.o
       480         24          0         24      47104       4691   heap_4.o
       668        238          0          0          0       3845   icmp.o
       160          0          0          0          0       2735   inet_chksum.o
        34          0          0          0          0      15158   init.o
         0          0          0          0         24       3186   ip.o
       830        130          0          2          0       5416   ip4.o
       516         66          4          0         16      13001   ip4_addr.o
       400          0          0          0          0       3022   lan8742.o
       138          0          0          0          0       3334   list.o
        14          0          0          0          0    1185731   main.o
      2254        862          0         20          0      10131   mem.o
       786        386        339         44      21501      13078   memp.o
       234        124          0          0          0      10638   netbuf.o
      1438        602          0         12          0      16088   netif.o
      1632        398         57       6364        447      56982   netif_port.o
      2840       1180          0          1          0      16569   pbuf.o
       762         80          0         12          0      11541   port.o
      2414         24          0          0         64      31524   queue.o
       100         24          0          0         52      19206   second_task.o
       228         60          0          4         64       3547   segger_hardfaulthandler.o
       430         40          0          0       1208       8930   segger_rtt.o
       866          4         16          0          0       6033   segger_rtt_printf.o
        36          8        664          0       1024        948   startup_stm32h750xx.o
        94         20          0         12          0       4514   stm32h7xx_hal.o
       306         28          0          0          0      40476   stm32h7xx_hal_cortex.o
      4292        106          0          0          0      24691   stm32h7xx_hal_eth.o
       506         50          0          0          0       3441   stm32h7xx_hal_gpio.o
      2088        106          0          0          0       6742   stm32h7xx_hal_rcc.o
        52         12          0          0          0        626   stm32h7xx_hal_rcc_ex.o
       664         32          0          0          0       7540   stm32h7xx_hal_tim.o
         4          0          0          0          0       1866   stm32h7xx_hal_tim_ex.o
       144         24          0          0         64       2605   stm32h7xx_hal_timebase_tim.o
        10          0          0          0          0       2429   stm32h7xx_it.o
       884        326          0          0          0      14545   sys_arch.o
       132         16         16          8          0       1514   system_stm32h7xx.o
       128         52          0          8          0       1385   task_list.o
      2788        210          0         60        200      29976   tasks.o
      6486       2500        193         32          0      40461   tcp.o
       780        366         28          8          0      35546   tcp_client.o
      6480       1530          0         36         20      22747   tcp_in.o
      7540       2858         85          0          0      35150   tcp_out.o
       896        386          0         16          0      13965   tcpip.o
       104         58          0          0          0        653   third_task.o
       648        258         16         12          0       7343   timeouts.o
       964         86          0         20         40      20283   timers.o
      1458        550          0          8          0      10115   udp.o

    ----------------------------------------------------------------------
     68180      17990       1845       6796      77384    1935164   Object Totals
         0          0         80          0          0          0   (incl. Generated)
        70          0         20          4          8          0   (incl. Padding)

    ----------------------------------------------------------------------

      Code (inc. data)   RO Data    RW Data    ZI Data      Debug   Library Member Name

        86          0          0          0          0          0   __dczerorl2.o
         8          4        133          0          0         68   ctype_o.o
         0          0          0          0          0          0   entry.o
         0          0          0          0          0          0   entry10a.o
         0          0          0          0          0          0   entry11a.o
         4          0          0          0          0          0   entry12b.o
         8          4          0          0          0          0   entry2.o
         4          0          0          0          0          0   entry5.o
         0          0          0          0          0          0   entry7b.o
         0          0          0          0          0          0   entry8b.o
         8          4          0          0          0          0   entry9a.o
        30          0          0          0          0          0   handlers.o
        36          8          0          0          0         68   init.o
         0          0          0          0          0          0   iusefp.o
        30          0          0          0          0         68   llshl.o
        36          0          0          0          0         68   llsshr.o
        32          0          0          0          0         68   llushr.o
        26          0          0          0          0         80   memcmp.o
        64          0          0          0          0         76   memmovea.o
        36          0          0          0          0        108   memseta.o
      2344        100          0          0          0        700   printfa.o
         0          0          0          4          0          0   stdout.o
        18          0          0          0          0         68   strcpy.o
        14          0          0          0          0         68   strlen.o
        36          0          0          0          0         80   strstr.o
        44          0          0          0          0         80   uidiv.o
        98          0          0          0          0         92   uldiv.o
        48          0          0          0          0         68   cdrcmple.o
       334          0          0          0          0        148   dadd.o
       222          0          0          0          0        100   ddiv.o
       186          0          0          0          0        176   depilogue.o
        48          0          0          0          0         68   dfixul.o
       228          0          0          0          0         96   dmul.o

    ----------------------------------------------------------------------
      4032        120        135          4          0       2348   Library Totals
         4          0          2          0          0          0   (incl. Padding)

    ----------------------------------------------------------------------

      Code (inc. data)   RO Data    RW Data    ZI Data      Debug   Library Name

      2962        120        133          4          0       1692   mc_w.l
      1066          0          0          0          0        656   mf_w.l

    ----------------------------------------------------------------------
      4032        120        135          4          0       2348   Library Totals

    ----------------------------------------------------------------------

==============================================================================


      Code (inc. data)   RO Data    RW Data    ZI Data      Debug   

     72212      18110       1980       6800      77384    1893300   Grand Totals
     72212      18110       1980        328      77384    1893300   ELF Image Totals (compressed)
     72212      18110       1980        328          0          0   ROM Totals

==============================================================================

    Total RO  Size (Code + RO Data)                74192 (  72.45kB)
    Total RW  Size (RW Data + ZI Data)             84184 (  82.21kB)
    Total ROM Size (Code + RO Data + RW Data)      74520 (  72.77kB)

==============================================================================

